Microchip MPLAB XC8 Compiler V2.10 ()

Linker command line:

-W-3 --edf=C:\Program Files (x86)\Microchip\xc8\v2.10\pic\dat\en_msgs.txt \
  -cs -h+dist/default/production\entrance-ctrl-receiver.X.production.sym \
  --cmf=dist/default/production\entrance-ctrl-receiver.X.production.cmf -z \
  -Q16F886 -oC:\Users\LPCusr\AppData\Local\Temp\s860.2 \
  --defsym=__MPLAB_BUILD=1 \
  -Mdist/default/production/entrance-ctrl-receiver.X.production.map -E1 \
  -ver=XC8 --acfsm=1493 -ASTACK=0129h-016Fh -pstack=STACK \
  -ACODE=00h-07FFhx4 -ASTRCODE=00h-01FFFh -ASTRING=00h-0FFhx32 \
  -ACONST=00h-0FFhx32 -AENTRY=00h-0FFhx32 -ACOMMON=070h-07Fh \
  -ABANK0=020h-06Fh -ABANK1=0A0h-0EFh -ABANK2=0110h-016Fh \
  -ABANK3=0190h-01EFh -ARAM=020h-06Fh,0A0h-0EFh,0110h-016Fh,0190h-01EFh \
  -AABS1=020h-07Fh,0A0h-0EFh,0110h-016Fh,0190h-01EFh -ASFR0=00h-01Fh \
  -ASFR1=080h-09Fh -ASFR2=0100h-010Fh -ASFR3=0180h-018Fh \
  -preset_vec=00h,intentry=04h,init,end_init -ppowerup=CODE -pcinit=CODE \
  -pfunctab=ENTRY -ACONFIG=02007h-02008h -pconfig=CONFIG -DCONFIG=2 \
  -AIDLOC=02000h-02003h -pidloc=IDLOC -DIDLOC=2 -AEEDATA=00h-0FFh/02100h \
  -peeprom_data=EEDATA -DEEDATA=2 -DCODE=2 -DSTRCODE=2 -DSTRING=2 -DCONST=2 \
  -DENTRY=2 -k C:\Users\LPCusr\AppData\Local\Temp\s860.o \
  dist/default/production\entrance-ctrl-receiver.X.production.o 

Object code version is 3.11

Machine type is 16F886



                Name                               Link     Load   Length Selector   Space Scale
C:\Users\LPCusr\AppData\Local\Temp\s860.o
                end_init                             10       10        3        8       0
                reset_vec                             0        0        3        0       0
                config                             2007     2007        2     400E       0
dist/default/production\entrance-ctrl-receiver.X.production.o
                cinit                                13       13       22        8       0
                intentry                              4        4        C        8       0
                text61                             1260     1260       3F     24C0       0
                text60                              DDF      DDF      10A     1BBE       0
                text59                             1E78     1E78        5     3CF0       0
                text58                             1504     1504       63     2A08       0
                text57                              B6C      B6C       CF     16D8       0
                text56                             114B     114B       35     2296       0
                text55                             169F     169F       75     2D3E       0
                text54                              A32      A32       8F     1464       0
                text53                              AC1      AC1       AB     1582       0
                text52                             131E     131E       41     263C       0
                text51                             1F30     1F30       21     3E60       0
                text50                             12DE     12DE       40     25BC       0
                text49                             13F8     13F8       55     27F0       0
                text48                             1E7D     1E7D        5     3CFA       0
                text47                             1567     1567       63     2ACE       0
                text46                              C3B      C3B       CF     1876       0
                text45                             1180     1180       35     2300       0
                text44                             1714     1714       75     2E28       0
                text43                             14A6     14A6       5E     294C       0
                text42                             1063     1063       2C     20C6       0
                text41                             1EBA     1EBA        D     3D74       0
                text40                             1EC7     1EC7        D     3D8E       0
                text39                             129F     129F       3F     253E       0
                text38                             10BB     10BB       2D     2176       0
                text37                             1224     1224       3C     2448       0
                text36                              83B      83B       79     1076       0
                text35                              7E2      7E2       1E        8       0
                text34                              8B4      8B4       79     1168       0
                text33                             1ED4     1ED4       11     3DA8       0
                text32                             104D     104D       16     209A       0
                text31                             1E96     1E96        C     3D2C       0
                text30                             1FD8     1FD8       28     3FB0       0
                text29                             1E82     1E82        5     3D04       0
                text28                             1048     1048        5     2090       0
                text27                             1E87     1E87        7     3D0E       0
                text26                             11EA     11EA       3A     23D4       0
                text25                             108F     108F       2C     211E       0
                text24                              EE9      EE9      117     1DD2       0
                text23                             1F51     1F51       21     3EA2       0
                text22                              9AD      9AD       85     135A       0
                text21                             13AA     13AA       4E     2754       0
                text20                             1F93     1F93       22     3F26       0
                text19                             1EA2     1EA2        C     3D44       0
                text18                             1EE5     1EE5       13     3DCA       0
                text17                              92D      92D       80     125A       0
                text16                             15CA     15CA       69     2B94       0
                text15                             144D     144D       59     289A       0
                text14                             135F     135F       4B     26BE       0
                text13                             1F72     1F72       21     3EE4       0
                text12                             1FB5     1FB5       23     3F6A       0
                text11                               35       35      678        8       0
                text10                             1EF8     1EF8       1C     3DF0       0
                text9                               D0A      D0A       D5     1A14       0
                text8                              1EAE     1EAE        C     3D5C       0
                text7                              11B5     11B5       35     236A       0
                text6                              1F14     1F14       1C     3E28       0
                text5                              10E8     10E8       30     21D0       0
                text4                               6AD      6AD      135        8       0
                text3                              1789     1789       77     2F12       0
                text2                              1118     1118       33     2230       0
                text1                              1633     1633       6C     2C66       0
                maintext                            801      801       3A     1002       0
                cstackBANK0                          20       20       2C       20       1
                cstackCOMMON                         70       70        E       70       1
                cstackBANK1                          D0       D0       14       A0       1
                cstackBANK2                         110      110       19      110       1
                clrtext                            1E8E     1E8E        8     3D1C       0
                bssBANK3                            190      190       54      190       1
                bssBANK1                             A0       A0       30       A0       1
                dataBANK0                            63       63        1       20       1
                bssBANK0                             4C       4C       17       20       1
                strings                            1000     1000       48     2000       0
                idataBANK0                            3        3        1        0       0

TOTAL           Name                               Link     Load   Length     Space
        CLASS   STACK          

        CLASS   CODE           
                end_init                             10       10        3         0
                cinit                                13       13       22         0
                intentry                              4        4        C         0
                reset_vec                             0        0        3         0
                text61                             1260     1260       3F         0
                text60                              DDF      DDF      10A         0
                text59                             1E78     1E78        5         0
                text58                             1504     1504       63         0
                text57                              B6C      B6C       CF         0
                text56                             114B     114B       35         0
                text55                             169F     169F       75         0
                text54                              A32      A32       8F         0
                text53                              AC1      AC1       AB         0
                text52                             131E     131E       41         0
                text51                             1F30     1F30       21         0
                text50                             12DE     12DE       40         0
                text49                             13F8     13F8       55         0
                text48                             1E7D     1E7D        5         0
                text47                             1567     1567       63         0
                text46                              C3B      C3B       CF         0
                text45                             1180     1180       35         0
                text44                             1714     1714       75         0
                text43                             14A6     14A6       5E         0
                text42                             1063     1063       2C         0
                text41                             1EBA     1EBA        D         0
                text40                             1EC7     1EC7        D         0
                text39                             129F     129F       3F         0
                text38                             10BB     10BB       2D         0
                text37                             1224     1224       3C         0
                text36                              83B      83B       79         0
                text35                              7E2      7E2       1E         0
                text34                              8B4      8B4       79         0
                text33                             1ED4     1ED4       11         0
                text32                             104D     104D       16         0
                text31                             1E96     1E96        C         0
                text30                             1FD8     1FD8       28         0
                text29                             1E82     1E82        5         0
                text28                             1048     1048        5         0
                text27                             1E87     1E87        7         0
                text26                             11EA     11EA       3A         0
                text25                             108F     108F       2C         0
                text24                              EE9      EE9      117         0
                text23                             1F51     1F51       21         0
                text22                              9AD      9AD       85         0
                text21                             13AA     13AA       4E         0
                text20                             1F93     1F93       22         0
                text19                             1EA2     1EA2        C         0
                text18                             1EE5     1EE5       13         0
                text17                              92D      92D       80         0
                text16                             15CA     15CA       69         0
                text15                             144D     144D       59         0
                text14                             135F     135F       4B         0
                text13                             1F72     1F72       21         0
                text12                             1FB5     1FB5       23         0
                text11                               35       35      678         0
                text10                             1EF8     1EF8       1C         0
                text9                               D0A      D0A       D5         0
                text8                              1EAE     1EAE        C         0
                text7                              11B5     11B5       35         0
                text6                              1F14     1F14       1C         0
                text5                              10E8     10E8       30         0
                text4                               6AD      6AD      135         0
                text3                              1789     1789       77         0
                text2                              1118     1118       33         0
                text1                              1633     1633       6C         0
                maintext                            801      801       3A         0
                clrtext                            1E8E     1E8E        8         0
                idataBANK0                            3        3        1         0

        CLASS   STRCODE        

        CLASS   STRING         
                strings                            1000     1000       48         0

        CLASS   CONST          

        CLASS   ENTRY          

        CLASS   COMMON         
                cstackCOMMON                         70       70        E         1

        CLASS   BANK0          
                cstackBANK0                          20       20       2C         1
                dataBANK0                            63       63        1         1
                bssBANK0                             4C       4C       17         1

        CLASS   BANK1          
                cstackBANK1                          D0       D0       14         1
                bssBANK1                             A0       A0       30         1

        CLASS   BANK2          
                cstackBANK2                         110      110       19         1

        CLASS   BANK3          
                bssBANK3                            190      190       54         1

        CLASS   RAM            

        CLASS   ABS1           
                abs_s1                               7E       7E        2         1

        CLASS   SFR0           

        CLASS   SFR1           

        CLASS   SFR2           

        CLASS   SFR3           

        CLASS   CONFIG         
                config                             2007     2007        2         0

        CLASS   IDLOC          

        CLASS   EEDATA         



SEGMENTS        Name                           Load    Length   Top    Selector   Space  Class     Delta

                reset_vec                      000000  000004  000004         0       0  CODE        2
                intentry                       000004  0007FC  000800         8       0  CODE        2
                cstackBANK0                    000020  000044  000064        20       1  BANK0       1
                cstackCOMMON                   000070  00000E  00007E        70       1  COMMON      1
                bssBANK1                       0000A0  000044  0000E4        A0       1  BANK1       1
                cstackBANK2                    000110  000019  000129       110       1  BANK2       1
                bssBANK3                       000190  000054  0001E4       190       1  BANK3       1
                maintext                       000801  00003A  00083B      1002       0  CODE        2
                text36                         00083B  000079  0008B4      1076       0  CODE        2
                text34                         0008B4  000079  00092D      1168       0  CODE        2
                text17                         00092D  000080  0009AD      125A       0  CODE        2
                text22                         0009AD  000085  000A32      135A       0  CODE        2
                text54                         000A32  00008F  000AC1      1464       0  CODE        2
                text53                         000AC1  0000AB  000B6C      1582       0  CODE        2
                text57                         000B6C  0000CF  000C3B      16D8       0  CODE        2
                text46                         000C3B  0000CF  000D0A      1876       0  CODE        2
                text9                          000D0A  0000D5  000DDF      1A14       0  CODE        2
                text60                         000DDF  00010A  000EE9      1BBE       0  CODE        2
                text24                         000EE9  000117  001000      1DD2       0  CODE        2
                strings                        001000  000048  001048      2000       0  STRING      2
                text28                         001048  000005  00104D      2090       0  CODE        2
                text32                         00104D  000016  001063      209A       0  CODE        2
                text42                         001063  00002C  00108F      20C6       0  CODE        2
                text25                         00108F  00002C  0010BB      211E       0  CODE        2
                text38                         0010BB  00002D  0010E8      2176       0  CODE        2
                text5                          0010E8  000030  001118      21D0       0  CODE        2
                text2                          001118  000033  00114B      2230       0  CODE        2
                text56                         00114B  000035  001180      2296       0  CODE        2
                text45                         001180  000035  0011B5      2300       0  CODE        2
                text7                          0011B5  000035  0011EA      236A       0  CODE        2
                text26                         0011EA  00003A  001224      23D4       0  CODE        2
                text37                         001224  00003C  001260      2448       0  CODE        2
                text61                         001260  00003F  00129F      24C0       0  CODE        2
                text39                         00129F  00003F  0012DE      253E       0  CODE        2
                text50                         0012DE  000040  00131E      25BC       0  CODE        2
                text52                         00131E  000041  00135F      263C       0  CODE        2
                text14                         00135F  00004B  0013AA      26BE       0  CODE        2
                text21                         0013AA  00004E  0013F8      2754       0  CODE        2
                text49                         0013F8  000055  00144D      27F0       0  CODE        2
                text15                         00144D  000059  0014A6      289A       0  CODE        2
                text43                         0014A6  00005E  001504      294C       0  CODE        2
                text58                         001504  000063  001567      2A08       0  CODE        2
                text47                         001567  000063  0015CA      2ACE       0  CODE        2
                text16                         0015CA  000069  001633      2B94       0  CODE        2
                text1                          001633  00006C  00169F      2C66       0  CODE        2
                text55                         00169F  000075  001714      2D3E       0  CODE        2
                text44                         001714  000075  001789      2E28       0  CODE        2
                text3                          001789  000077  001800      2F12       0  CODE        2
                text59                         001E78  000005  001E7D      3CF0       0  CODE        2
                text48                         001E7D  000005  001E82      3CFA       0  CODE        2
                text29                         001E82  000005  001E87      3D04       0  CODE        2
                text27                         001E87  000007  001E8E      3D0E       0  CODE        2
                clrtext                        001E8E  000008  001E96      3D1C       0  CODE        2
                text31                         001E96  00000C  001EA2      3D2C       0  CODE        2
                text19                         001EA2  00000C  001EAE      3D44       0  CODE        2
                text8                          001EAE  00000C  001EBA      3D5C       0  CODE        2
                text41                         001EBA  00000D  001EC7      3D74       0  CODE        2
                text40                         001EC7  00000D  001ED4      3D8E       0  CODE        2
                text33                         001ED4  000011  001EE5      3DA8       0  CODE        2
                text18                         001EE5  000013  001EF8      3DCA       0  CODE        2
                text10                         001EF8  00001C  001F14      3DF0       0  CODE        2
                text6                          001F14  00001C  001F30      3E28       0  CODE        2
                text51                         001F30  000021  001F51      3E60       0  CODE        2
                text23                         001F51  000021  001F72      3EA2       0  CODE        2
                text13                         001F72  000021  001F93      3EE4       0  CODE        2
                text20                         001F93  000022  001FB5      3F26       0  CODE        2
                text12                         001FB5  000023  001FD8      3F6A       0  CODE        2
                text30                         001FD8  000028  002000      3FB0       0  CODE        2
                config                         002007  000002  002009      400E       0  CONFIG      2


UNUSED ADDRESS RANGES

        Name                Unused          Largest block    Delta
        BANK0            0064-006F              C           1
        BANK1            00E4-00EF              C           1
        BANK2            0129-016F             47           1
        BANK3            01E4-01EF              C           1
        CODE             0800-0800              1           2
                         1800-1E77            678
        CONST            0800-0800              1           2
                         1800-1E77            100
        EEDATA           2100-21FF            100           2
        ENTRY            0800-0800              1           2
                         1800-1E77            100
        IDLOC            2000-2003              4           2
        RAM              0064-006F              C           1
                         00E4-00EF              C
                         0129-016F             47
                         01E4-01EF              C
        SFR0             0000-001F             20           1
        SFR1             0080-009F             20           1
        SFR2             0100-010F             10           1
        SFR3             0180-018F             10           1
        STACK            0129-016F             47           1
        STRCODE          0800-0800              1           2
                         1800-1E77            678
        STRING           0800-0800              1           2
                         1800-1E77            100

                                  Symbol Table

?_CRC16                                 cstackBANK0  0026
?_Frame_Decode                          cstackBANK0  0029
?___awdiv                               cstackBANK0  0026
?___awmod                               cstackBANK0  0026
?___lldiv                               cstackBANK0  0026
?___lmul                                cstackBANK0  0026
?___lwdiv                               cstackBANK0  0026
?___wmul                                cstackBANK0  0026
BCD_2_DEC@bcd                           cstackBANK0  002D
Button_Handler@button                   cstackBANK0  002D
Button_Handler@keydef                   cstackBANK0  002C
Button_Init@keydef                      cstackBANK0  0027
Button_Init@set_down                    bssBANK1     00A6
Button_Init@set_right                   bssBANK1     00B4
Button_Init@set_rtc                     bssBANK1     00C9
Button_Init@set_time1                   bssBANK1     00C2
Button_Init@set_time2                   bssBANK1     00BB
Button_Init@set_up                      bssBANK1     00AD
CRC16@crc                               cstackBANK0  002E
CRC16@data_tab_ptr                      cstackBANK0  002B
CRC16@i                                 cstackBANK0  002D
CRC16@k                                 cstackBANK0  002C
CRC16@size                              cstackBANK0  0026
CRC_check@DataRCV                       cstackBANK0  0033
CRC_check@crc_val                       cstackBANK0  0031
Check_Event@DataRCV                     cstackBANK0  0045
Check_RCV_Data@DataRCV                  cstackBANK0  0049
Check_RCV_Data@time                     cstackBANK0  0046
Check_RCV_Data@time_limit               cstackBANK0  0047
Check_Time_Date@current_time_min        cstackBANK0  0041
Check_Time_Date@time                    cstackBANK0  0043
Check_Time_Date@time_limit              cstackBANK0  003C
Check_Time_Date@time_limit_min_1        cstackBANK0  003D
Check_Time_Date@time_limit_min_2        cstackBANK0  003F
DEC_2_BCD@dec                           cstackBANK0  0030
Display_7Seg@decimal_point              cstackBANK0  0031
Display_7Seg@enable_digit               dataBANK0    0063
Display_7Seg@text                       cstackBANK0  0033
Frame_Buffer@buffer                     bssBANK3     0190
Frame_Buffer@data                       cstackBANK0  0028
Frame_Buffer@mode                       cstackBANK0  0026
Frame_Buffer@read_pointer               bssBANK0     0059
Frame_Buffer@write_pointer              bssBANK0     0058
Frame_Buffer@write_pointer_mem          bssBANK0     0057
Frame_Decode@DataRCV                    cstackBANK0  002D
Frame_Decode@data                       cstackBANK0  002E
Frame_Decode@i                          cstackBANK0  002F
Generate_PWM@freq                       cstackBANK0  0034
I2C_Master_Read@ack                     cstackBANK0  0028
I2C_Master_Read@data                    cstackBANK0  0029
I2C_Master_Write@data                   cstackBANK0  0026
ISR@display_timer                       bssBANK0     0055
ISR@edge_dir                            bssBANK0     0062
ISR@pulse_time                          cstackBANK0  0024
ISR@set_flag                            bssBANK0     0056
Key_Press@button                        cstackBANK0  002A
Manchester_Decode@bit_pos               bssBANK0     0054
Manchester_Decode@data_counter          bssBANK1     00A5
Manchester_Decode@decoded_byte          bssBANK0     0061
Manchester_Decode@edge_dir              cstackCOMMON 0078
Manchester_Decode@next_edge_also_T_flag bssBANK1     00A3
Manchester_Decode@pulse_time            cstackCOMMON 0073
Manchester_Decode@start_data_flag       bssBANK1     00A4
Manchester_Decode@sync_flag             bssBANK0     0053
Menu_Handler@check_button               cstackBANK0  0048
Menu_Handler@keydef                     cstackBANK0  0044
Menu_Handler@menudef                    cstackBANK0  0047
Menu_Handler@time                       cstackBANK0  0045
Menu_Init@hours_minutes                 bssBANK3     01DC
Menu_Init@menudef                       cstackBANK0  002B
Menu_Init@time_limit_work_day_1         bssBANK3     01D4
Menu_Init@time_limit_work_day_2         bssBANK3     01CC
Menu_Set_Param_Time_Limit@change_digit  bssBANK0     0052
Menu_Set_Param_Time_Limit@check_button  cstackBANK0  0031
Menu_Set_Param_Time_Limit@flag          bssBANK1     00A2
Menu_Set_Param_Time_Limit@menu          cstackBANK0  002F
Menu_Set_Time@check_button              cstackBANK1  00D1
Menu_Set_Time@current_menu              cstackBANK1  00DC
Menu_Set_Time@current_menu_ptr          cstackBANK1  00D2
Menu_Set_Time@key                       cstackBANK1  00D0
Menu_Set_Time@keydef                    cstackBANK0  003F
Menu_Set_Time@menu_type                 cstackBANK0  0040
Menu_Set_Time@menudef                   cstackBANK1  00D4
Menu_Set_Time@time                      cstackBANK1  00D5
One_Digit_Handler@decimal_point         cstackBANK0  002D
One_Digit_Handler@digit_number          cstackBANK0  002C
One_Digit_Handler@sign                  cstackBANK0  0030
PCF8583_Read_Byte@address               cstackBANK0  002D
PCF8583_Read_Byte@retval                cstackBANK0  002E
PCF8583_Read_Time_Date@bcd_day          cstackBANK0  0039
PCF8583_Read_Time_Date@bcd_hrs          cstackBANK0  0038
PCF8583_Read_Time_Date@bcd_min          cstackBANK0  0037
PCF8583_Read_Time_Date@bcd_mon          cstackBANK0  003A
PCF8583_Read_Time_Date@bcd_sec          cstackBANK0  0036
PCF8583_Read_Time_Date@time_struct_ptr  cstackBANK0  002F
PCF8583_Read_Time_Date@year             cstackBANK0  003B
PCF8583_Read_Time_Date@year_bits        cstackBANK0  0035
PCF8583_Set_Date_Time@bcd_day           cstackBANK0  0036
PCF8583_Set_Date_Time@bcd_hrs           cstackBANK0  0035
PCF8583_Set_Date_Time@bcd_min           cstackBANK0  0034
PCF8583_Set_Date_Time@bcd_mon           cstackBANK0  0037
PCF8583_Set_Date_Time@bcd_sec           cstackBANK0  0033
PCF8583_Set_Date_Time@time_struct_ptr   cstackBANK0  0038
PCF8583_Write_Byte@address              cstackBANK0  002B
PCF8583_Write_Byte@data                 cstackBANK0  0028
Play_Ring@MELODY_LENGTH                 cstackBANK0  0040
Play_Ring@beats                         strings      1018
Play_Ring@i                             cstackBANK0  0043
Play_Ring@j                             cstackBANK0  0041
Play_Ring@melody                        strings      1006
Read_EEprom@adress                      cstackBANK0  0026
Read_Limit_From_EEprom@limit1           cstackBANK0  0029
Read_Limit_From_EEprom@limit2           cstackBANK0  0027
Send_7Seg_Text@decimal_point            cstackBANK0  0026
Send_7Seg_Text@i                        cstackBANK0  0029
Send_7Seg_Text@text                     cstackBANK0  0028
Set_Anode_Outputs@decimal_point         cstackBANK0  0029
Set_Anode_Outputs@sign                  cstackBANK0  002B
Show_Time@keydef                        cstackBANK0  003C
Show_Time@time                          cstackBANK0  003E
Sign_Anode_Data@sign                    cstackBANK0  0028
Wait_ms@time                            cstackBANK0  0033
Write_EEprom@adress                     cstackBANK0  0026
Write_EEprom@data                       cstackBANK0  0027
Write_Limit_To_EEprom@limit1            cstackBANK0  002A
Write_Limit_To_EEprom@limit2            cstackBANK0  0028
_ACKDT                                  (abs)        048D
_ACKEN                                  (abs)        048C
_ANSEL                                  (abs)        0188
_ANSELH                                 (abs)        0189
_BCD_2_DEC                              text32       104D
_Button_Handler                         text16       15CA
_Button_Init                            text53       0AC1
_CCP1CONbits                            (abs)        0017
_CCP1IE                                 (abs)        0462
_CCP1IF                                 (abs)        0062
_CCP2CONbits                            (abs)        001D
_CCP2IE                                 (abs)        0468
_CCP2IF                                 (abs)        0068
_CCPR1                                  (abs)        0015
_CCPR2                                  (abs)        001B
_CRC16                                  text52       131E
_CRC_check                              text51       1F30
_Check_Event                            text34       08B4
_Check_RCV_Data                         text21       13AA
_Check_Time_Date                        text22       09AD
_DEC_2_BCD                              text10       1EF8
_Disable_All_Digits                     text48       1E7D
_Display_7Seg                           text44       1714
_EEADR                                  (abs)        010D
_EECON2                                 (abs)        018D
_EEDAT                                  (abs)        010C
_EEIF                                   (abs)        006C
_EEPGD                                  (abs)        0C67
_Frame_Buffer                           text50       12DE
_Frame_Decode                           text49       13F8
_Generate_PWM                           text42       1063
_Global_Init                            text20       1F93
_I2C_Init                               text19       1EA2
_I2C_Master_Read                        text30       1FD8
_I2C_Master_Start                       text29       1E82
_I2C_Master_Stop                        text28       1048
_I2C_Master_Wait                        text31       1E96
_I2C_Master_Write                       text27       1E87
_INTCONbits                             (abs)        000B
_ISR                                    text54       0A32
_Init_CaptureMode                       text41       1EBA
_Init_CompareMode                       text40       1EC7
_Interrupt_Init                         text18       1EE5
_Key_Press                              text17       092D
_Manchester_Decode                      text60       0DDF
_Menu_Handler                           text2        1118
_Menu_Init                              text1        1633
_Menu_Set_Param_Time_Limit              text11       0035
_Menu_Set_Time                          text4        06AD
_OPTION_REGbits                         (abs)        0081
_OSCCONbits                             (abs)        008F
_One_Digit_Handler                      text45       1180
_PCF8583_Read_Byte                      text26       11EA
_PCF8583_Read_Time_Date                 text24       0EE9
_PCF8583_Set_Date_Time                  text9        0D0A
_PCF8583_Write_Byte                     text25       108F
_PIE2bits                               (abs)        008D
_PORTAbits                              (abs)        0005
_PORTB                                  (abs)        0006
_PORTBbits                              (abs)        0006
_PORTC                                  (abs)        0007
_PORTCbits                              (abs)        0007
_Play_Ring                              text36       083B
_RCEN                                   (abs)        048B
_RD                                     (abs)        0C60
_Read_EEprom                            text8        1EAE
_Read_Limit_From_EEprom                 text7        11B5
_SSPADD                                 (abs)        0093
_SSPBUF                                 (abs)        0013
_SSPCON2                                (abs)        0091
_SSPCON2bits                            (abs)        0091
_SSPCONbits                             (abs)        0014
_SSPSTAT                                (abs)        0094
_SSPSTATbits                            (abs)        0094
_Send_7Seg_Text                         text35       07E2
_Set_Anode_Outputs                      text47       1567
_Show_Time                              text3        1789
_Sign_Anode_Data                        text46       0C3B
_T1CONbits                              (abs)        0010
_TMR0IE                                 (abs)        005D
_TMR0IF                                 (abs)        005A
_TMR1                                   (abs)        000E
_TRISA0                                 (abs)        0428
_TRISA1                                 (abs)        0429
_TRISA2                                 (abs)        042A
_TRISA3                                 (abs)        042B
_TRISA4                                 (abs)        042C
_TRISA5                                 (abs)        042D
_TRISA6                                 (abs)        042E
_TRISA7                                 (abs)        042F
_TRISB0                                 (abs)        0430
_TRISB1                                 (abs)        0431
_TRISB2                                 (abs)        0432
_TRISB3                                 (abs)        0433
_TRISB4                                 (abs)        0434
_TRISB5                                 (abs)        0435
_TRISB6                                 (abs)        0436
_TRISB7                                 (abs)        0437
_TRISC0                                 (abs)        0438
_TRISC1                                 (abs)        0439
_TRISC2                                 (abs)        043A
_TRISC3                                 (abs)        043B
_TRISC4                                 (abs)        043C
_TRISC5                                 (abs)        043D
_TRISC6                                 (abs)        043E
_TRISC7                                 (abs)        043F
_WR                                     (abs)        0C61
_WREN                                   (abs)        0C62
_Wait_ms                                text38       10BB
_Write_EEprom                           text6        1F14
_Write_Limit_To_EEprom                  text5        10E8
__CFG_BOR4V$BOR40V                      (abs)        0000
__CFG_BOREN$OFF                         (abs)        0000
__CFG_CP$OFF                            (abs)        0000
__CFG_CPD$OFF                           (abs)        0000
__CFG_FCMEN$OFF                         (abs)        0000
__CFG_FOSC$INTRC_NOCLKOUT               (abs)        0000
__CFG_IESO$OFF                          (abs)        0000
__CFG_LVP$OFF                           (abs)        0000
__CFG_MCLRE$ON                          (abs)        0000
__CFG_PWRTE$OFF                         (abs)        0000
__CFG_WDTE$OFF                          (abs)        0000
__CFG_WRT$OFF                           (abs)        0000
__Habs1                                 abs1         0000
__Hbank0                                bank0        0000
__Hbank1                                bank1        0000
__Hbank2                                bank2        0000
__Hbank3                                bank3        0000
__HbssBANK0                             bssBANK0     0000
__HbssBANK1                             bssBANK1     0000
__HbssBANK3                             bssBANK3     0000
__Hcinit                                cinit        0035
__Hclrtext                              clrtext      0000
__Hcode                                 code         0000
__Hcommon                               common       0000
__Hconfig                               config       2009
__HcstackBANK0                          cstackBANK0  0000
__HcstackBANK1                          cstackBANK1  0000
__HcstackBANK2                          cstackBANK2  0000
__HcstackCOMMON                         cstackCOMMON 0000
__HdataBANK0                            dataBANK0    0000
__Heeprom_data                          eeprom_data  0000
__Hend_init                             end_init     0013
__Hfunctab                              functab      0000
__HidataBANK0                           idataBANK0   0000
__Hidloc                                idloc        0000
__Hinit                                 init         0010
__Hintentry                             intentry     0010
__Hmaintext                             maintext     0000
__Hpowerup                              powerup      0000
__Hram                                  ram          0000
__Hreset_vec                            reset_vec    0003
__Hsfr0                                 sfr0         0000
__Hsfr1                                 sfr1         0000
__Hsfr2                                 sfr2         0000
__Hsfr3                                 sfr3         0000
__Hspace_0                              (abs)        2009
__Hspace_1                              (abs)        01E4
__Hspace_2                              (abs)        0000
__Hspace_3                              (abs)        0000
__Hstack                                stack        0000
__Hstrings                              strings      0000
__Htext                                 text         0000
__Labs1                                 abs1         0000
__Lbank0                                bank0        0000
__Lbank1                                bank1        0000
__Lbank2                                bank2        0000
__Lbank3                                bank3        0000
__LbssBANK0                             bssBANK0     0000
__LbssBANK1                             bssBANK1     0000
__LbssBANK3                             bssBANK3     0000
__Lcinit                                cinit        0013
__Lclrtext                              clrtext      0000
__Lcode                                 code         0000
__Lcommon                               common       0000
__Lconfig                               config       2007
__LcstackBANK0                          cstackBANK0  0000
__LcstackBANK1                          cstackBANK1  0000
__LcstackBANK2                          cstackBANK2  0000
__LcstackCOMMON                         cstackCOMMON 0000
__LdataBANK0                            dataBANK0    0000
__Leeprom_data                          eeprom_data  0000
__Lend_init                             end_init     0010
__Lfunctab                              functab      0000
__LidataBANK0                           idataBANK0   0000
__Lidloc                                idloc        0000
__Linit                                 init         0010
__Lintentry                             intentry     0004
__Lmaintext                             maintext     0000
__Lpowerup                              powerup      0000
__Lram                                  ram          0000
__Lreset_vec                            reset_vec    0000
__Lsfr0                                 sfr0         0000
__Lsfr1                                 sfr1         0000
__Lsfr2                                 sfr2         0000
__Lsfr3                                 sfr3         0000
__Lspace_0                              (abs)        0000
__Lspace_1                              (abs)        0000
__Lspace_2                              (abs)        0000
__Lspace_3                              (abs)        0000
__Lstack                                stack        0000
__Lstrings                              strings      0000
__Ltext                                 text         0000
__S0                                    (abs)        2009
__S1                                    (abs)        01E4
__S2                                    (abs)        0000
__S3                                    (abs)        0000
___awdiv                                text15       144D
___awdiv@counter                        cstackBANK0  002B
___awdiv@dividend                       cstackBANK0  0028
___awdiv@divisor                        cstackBANK0  0026
___awdiv@quotient                       cstackBANK0  002D
___awdiv@sign                           cstackBANK0  002C
___awmod                                text14       135F
___awmod@counter                        cstackBANK0  002B
___awmod@dividend                       cstackBANK0  0028
___awmod@divisor                        cstackBANK0  0026
___awmod@sign                           cstackBANK0  002C
___bmul                                 text33       1ED4
___bmul@multiplicand                    cstackBANK0  0026
___bmul@multiplier                      cstackBANK0  0029
___bmul@product                         cstackBANK0  0028
___int_sp                               stack        0000
___latbits                              (abs)        0002
___lbdiv                                text13       1F72
___lbdiv@counter                        cstackBANK0  0029
___lbdiv@dividend                       cstackBANK0  0028
___lbdiv@divisor                        cstackBANK0  0026
___lbdiv@quotient                       cstackBANK0  002A
___lbmod                                text12       1FB5
___lbmod@counter                        cstackBANK0  002B
___lbmod@dividend                       cstackBANK0  002A
___lbmod@divisor                        cstackBANK0  0026
___lbmod@rem                            cstackBANK0  002C
___lldiv                                text43       14A6
___lldiv@counter                        cstackBANK0  0033
___lldiv@dividend                       cstackBANK0  002A
___lldiv@divisor                        cstackBANK0  0026
___lldiv@quotient                       cstackBANK0  002F
___lmul                                 text39       129F
___lmul@multiplicand                    cstackBANK0  002A
___lmul@multiplier                      cstackBANK0  0026
___lmul@product                         cstackBANK0  002F
___lwdiv                                text37       1224
___lwdiv@counter                        cstackBANK0  002B
___lwdiv@dividend                       cstackBANK0  0028
___lwdiv@divisor                        cstackBANK0  0026
___lwdiv@quotient                       cstackBANK0  002C
___sp                                   stack        0000
___stackhi                              (abs)        0000
___stacklo                              (abs)        0000
___wmul                                 text23       1F51
___wmul@multiplicand                    cstackBANK0  0028
___wmul@multiplier                      cstackBANK0  0026
___wmul@product                         cstackBANK0  002A
__end_ofCRC16@generator                 strings      1025
__end_ofPlay_Ring@beats                 strings      1021
__end_ofPlay_Ring@melody                strings      1018
__end_ofPlay_Ring@tempo                 strings      1023
__end_of_BCD_2_DEC                      text32       1063
__end_of_Button_Handler                 text16       1633
__end_of_Button_Init                    text53       0B6C
__end_of_CRC16                          text52       135F
__end_of_CRC_check                      text51       1F51
__end_of_Check_Event                    text34       092D
__end_of_Check_RCV_Data                 text21       13F8
__end_of_Check_Time_Date                text22       0A32
__end_of_DEC_2_BCD                      text10       1F14
__end_of_Disable_All_Digits             text48       1E82
__end_of_Display_7Seg                   text44       1789
__end_of_Frame_Buffer                   text50       131E
__end_of_Frame_Decode                   text49       144D
__end_of_Generate_PWM                   text42       108F
__end_of_Global_Init                    text20       1FB5
__end_of_I2C_Init                       text19       1EAE
__end_of_I2C_Master_Read                text30       2000
__end_of_I2C_Master_Start               text29       1E87
__end_of_I2C_Master_Stop                text28       104D
__end_of_I2C_Master_Wait                text31       1EA2
__end_of_I2C_Master_Write               text27       1E8E
__end_of_ISR                            text54       0AC1
__end_of_Init_CaptureMode               text41       1EC7
__end_of_Init_CompareMode               text40       1ED4
__end_of_Interrupt_Init                 text18       1EF8
__end_of_Key_Press                      text17       09AD
__end_of_Manchester_Decode              text60       0EE9
__end_of_Menu_Handler                   text2        114B
__end_of_Menu_Init                      text1        169F
__end_of_Menu_Set_Param_Time_Limit      text11       06AD
__end_of_Menu_Set_Time                  text4        07E2
__end_of_One_Digit_Handler              text45       11B5
__end_of_PCF8583_Read_Byte              text26       1224
__end_of_PCF8583_Read_Time_Date         text24       1000
__end_of_PCF8583_Set_Date_Time          text9        0DDF
__end_of_PCF8583_Write_Byte             text25       10BB
__end_of_Play_Ring                      text36       08B4
__end_of_Read_EEprom                    text8        1EBA
__end_of_Read_Limit_From_EEprom         text7        11EA
__end_of_Send_7Seg_Text                 text35       0800
__end_of_Set_Anode_Outputs              text47       15CA
__end_of_Show_Time                      text3        1800
__end_of_Sign_Anode_Data                text46       0D0A
__end_of_Wait_ms                        text38       10E8
__end_of_Write_EEprom                   text6        1F30
__end_of_Write_Limit_To_EEprom          text5        1118
__end_of___awdiv                        text15       14A6
__end_of___awmod                        text14       13AA
__end_of___bmul                         text33       1EE5
__end_of___lbdiv                        text13       1F93
__end_of___lbmod                        text12       1FD8
__end_of___lldiv                        text43       1504
__end_of___lmul                         text39       12DE
__end_of___lwdiv                        text37       1260
__end_of___wmul                         text23       1F72
__end_of__initialization                cinit        0031
__end_of__stringtab                     strings      1006
__end_of_main                           maintext     083B
__end_ofi1_Disable_All_Digits           text59       1E7D
__end_ofi1_Display_7Seg                 text55       1714
__end_ofi1_Frame_Buffer                 text61       129F
__end_ofi1_One_Digit_Handler            text56       1180
__end_ofi1_Set_Anode_Outputs            text58       1567
__end_ofi1_Sign_Anode_Data              text57       0C3B
__initialization                        cinit        0013
__pbssBANK0                             bssBANK0     004C
__pbssBANK1                             bssBANK1     00A0
__pbssBANK3                             bssBANK3     0190
__pcstackBANK0                          cstackBANK0  0020
__pcstackBANK1                          cstackBANK1  00D0
__pcstackBANK2                          cstackBANK2  0110
__pcstackCOMMON                         cstackCOMMON 0070
__pdataBANK0                            dataBANK0    0063
__pidataBANK0                           idataBANK0   0003
__pintentry                             intentry     0004
__pmaintext                             maintext     0801
__pstrings                              strings      1000
__ptext1                                text1        1633
__ptext10                               text10       1EF8
__ptext11                               text11       0035
__ptext12                               text12       1FB5
__ptext13                               text13       1F72
__ptext14                               text14       135F
__ptext15                               text15       144D
__ptext16                               text16       15CA
__ptext17                               text17       092D
__ptext18                               text18       1EE5
__ptext19                               text19       1EA2
__ptext2                                text2        1118
__ptext20                               text20       1F93
__ptext21                               text21       13AA
__ptext22                               text22       09AD
__ptext23                               text23       1F51
__ptext24                               text24       0EE9
__ptext25                               text25       108F
__ptext26                               text26       11EA
__ptext27                               text27       1E87
__ptext28                               text28       1048
__ptext29                               text29       1E82
__ptext3                                text3        1789
__ptext30                               text30       1FD8
__ptext31                               text31       1E96
__ptext32                               text32       104D
__ptext33                               text33       1ED4
__ptext34                               text34       08B4
__ptext35                               text35       07E2
__ptext36                               text36       083B
__ptext37                               text37       1224
__ptext38                               text38       10BB
__ptext39                               text39       129F
__ptext4                                text4        06AD
__ptext40                               text40       1EC7
__ptext41                               text41       1EBA
__ptext42                               text42       1063
__ptext43                               text43       14A6
__ptext44                               text44       1714
__ptext45                               text45       1180
__ptext46                               text46       0C3B
__ptext47                               text47       1567
__ptext48                               text48       1E7D
__ptext49                               text49       13F8
__ptext5                                text5        10E8
__ptext50                               text50       12DE
__ptext51                               text51       1F30
__ptext52                               text52       131E
__ptext53                               text53       0AC1
__ptext54                               text54       0A32
__ptext55                               text55       169F
__ptext56                               text56       114B
__ptext57                               text57       0B6C
__ptext58                               text58       1504
__ptext59                               text59       1E78
__ptext6                                text6        1F14
__ptext60                               text60       0DDF
__ptext61                               text61       1260
__ptext7                                text7        11B5
__ptext8                                text8        1EAE
__ptext9                                text9        0D0A
__size_of_BCD_2_DEC                     (abs)        0000
__size_of_Button_Handler                (abs)        0000
__size_of_Button_Init                   (abs)        0000
__size_of_CRC16                         (abs)        0000
__size_of_CRC_check                     (abs)        0000
__size_of_Check_Event                   (abs)        0000
__size_of_Check_RCV_Data                (abs)        0000
__size_of_Check_Time_Date               (abs)        0000
__size_of_DEC_2_BCD                     (abs)        0000
__size_of_Disable_All_Digits            (abs)        0000
__size_of_Display_7Seg                  (abs)        0000
__size_of_Frame_Buffer                  (abs)        0000
__size_of_Frame_Decode                  (abs)        0000
__size_of_Generate_PWM                  (abs)        0000
__size_of_Global_Init                   (abs)        0000
__size_of_I2C_Init                      (abs)        0000
__size_of_I2C_Master_Read               (abs)        0000
__size_of_I2C_Master_Start              (abs)        0000
__size_of_I2C_Master_Stop               (abs)        0000
__size_of_I2C_Master_Wait               (abs)        0000
__size_of_I2C_Master_Write              (abs)        0000
__size_of_ISR                           (abs)        0000
__size_of_Init_CaptureMode              (abs)        0000
__size_of_Init_CompareMode              (abs)        0000
__size_of_Interrupt_Init                (abs)        0000
__size_of_Key_Press                     (abs)        0000
__size_of_Manchester_Decode             (abs)        0000
__size_of_Menu_Handler                  (abs)        0000
__size_of_Menu_Init                     (abs)        0000
__size_of_Menu_Set_Param_Time_Limit     (abs)        0000
__size_of_Menu_Set_Time                 (abs)        0000
__size_of_One_Digit_Handler             (abs)        0000
__size_of_PCF8583_Read_Byte             (abs)        0000
__size_of_PCF8583_Read_Time_Date        (abs)        0000
__size_of_PCF8583_Set_Date_Time         (abs)        0000
__size_of_PCF8583_Write_Byte            (abs)        0000
__size_of_Play_Ring                     (abs)        0000
__size_of_Read_EEprom                   (abs)        0000
__size_of_Read_Limit_From_EEprom        (abs)        0000
__size_of_Send_7Seg_Text                (abs)        0000
__size_of_Set_Anode_Outputs             (abs)        0000
__size_of_Show_Time                     (abs)        0000
__size_of_Sign_Anode_Data               (abs)        0000
__size_of_Wait_ms                       (abs)        0000
__size_of_Write_EEprom                  (abs)        0000
__size_of_Write_Limit_To_EEprom         (abs)        0000
__size_of___awdiv                       (abs)        0000
__size_of___awmod                       (abs)        0000
__size_of___bmul                        (abs)        0000
__size_of___lbdiv                       (abs)        0000
__size_of___lbmod                       (abs)        0000
__size_of___lldiv                       (abs)        0000
__size_of___lmul                        (abs)        0000
__size_of___lwdiv                       (abs)        0000
__size_of___wmul                        (abs)        0000
__size_of_main                          (abs)        0000
__size_ofi1_Disable_All_Digits          (abs)        0000
__size_ofi1_Display_7Seg                (abs)        0000
__size_ofi1_Frame_Buffer                (abs)        0000
__size_ofi1_One_Digit_Handler           (abs)        0000
__size_ofi1_Set_Anode_Outputs           (abs)        0000
__size_ofi1_Sign_Anode_Data             (abs)        0000
__stringbase                            strings      1005
__stringtab                             strings      1000
_g_button_timer                         bssBANK0     0050
_g_com_timeout                          bssBANK0     004C
_g_decimal_point                        bssBANK0     005A
_g_display_controll                     bssBANK0     005B
_g_display_text                         bssBANK0     005D
_g_generic_timer                        bssBANK0     004E
_g_pwm_freq                             bssBANK1     00A0
_g_reciver_ccp2_isr_fire_flag           bssBANK0     005C
_main                                   maintext     0801
btemp                                   (abs)        007E
clear_ram0                              clrtext      1E8E
end_of_initialization                   cinit        0031
i1Display_7Seg@decimal_point            cstackCOMMON 007B
i1Display_7Seg@text                     cstackCOMMON 007D
i1Frame_Buffer@data                     cstackCOMMON 0072
i1Frame_Buffer@mode                     cstackCOMMON 0070
i1One_Digit_Handler@decimal_point       cstackCOMMON 0077
i1One_Digit_Handler@digit_number        cstackCOMMON 0076
i1One_Digit_Handler@sign                cstackCOMMON 007A
i1Set_Anode_Outputs@decimal_point       cstackCOMMON 0073
i1Set_Anode_Outputs@sign                cstackCOMMON 0075
i1Sign_Anode_Data@sign                  cstackCOMMON 0072
i1_Disable_All_Digits                   text59       1E78
i1_Display_7Seg                         text55       169F
i1_Frame_Buffer                         text61       1260
i1_One_Digit_Handler                    text56       114B
i1_Set_Anode_Outputs                    text58       1504
i1_Sign_Anode_Data                      text57       0B6C
interrupt_function                      intentry     0004
intlevel0                               functab      0000
intlevel1                               functab      0000
intlevel2                               functab      0000
intlevel3                               functab      0000
intlevel4                               functab      0000
intlevel5                               functab      0000
main@data_rcv                           cstackBANK2  0110
main@keydef                             cstackBANK2  0115
main@menudef                            cstackBANK2  0122
main@time                               cstackBANK2  011B
reset_vec                               reset_vec    0000
saved_w                                 (abs)        007E
start                                   init         0010
start_initialization                    cinit        0013
wtemp0                                  (abs)        007E


FUNCTION INFORMATION:

 *************** function _main *****************
 Defined at:
		line 25 in file "main.c"
 Parameters:    Size  Location     Type
		None
 Auto vars:     Size  Location     Type
  menudef         7   18[BANK2 ] struct .
  time            7   11[BANK2 ] struct .
  keydef          6    5[BANK2 ] struct .
  data_rcv        5    0[BANK2 ] struct .
 Return value:  Size  Location     Type
                  1    wreg      void 
 Registers used:
		wreg, fsr0l, fsr0h, status,2, status,0, btemp+1, pclath, cstack
 Tracked objects:
		On entry : 
		On exit  : 
		Unchanged: 
 Data sizes:     COMMON   BANK0   BANK1   BANK3   BANK2
      Params:         0       0       0       0       0
      Locals:         0       0       0       0      25
      Temps:          0       2       0       0       0
      Totals:         0       2       0       0      25
Total ram usage:       27 bytes
 Hardware stack levels required when called:   10
 This function calls:
		_Button_Init
		_Check_RCV_Data
		_Global_Init
		_I2C_Init
		_Interrupt_Init
		_Menu_Handler
		_Menu_Init
 This function is called by:
		Startup code after reset
 This function uses a non-reentrant model


 *************** function _Menu_Init *****************
 Defined at:
		line 35 in file "menu.c"
 Parameters:    Size  Location     Type
  menudef         1    wreg     PTR struct .
		 -> main@menudef(7), 
 Auto vars:     Size  Location     Type
  menudef         1   11[BANK0 ] PTR struct .
		 -> main@menudef(7), 
 Return value:  Size  Location     Type
                  1    wreg      void 
 Registers used:
		wreg, fsr0l, fsr0h, status,2, status,0, pclath, cstack
 Tracked objects:
		On entry : 
		On exit  : 
		Unchanged: 
 Data sizes:     COMMON   BANK0   BANK1   BANK3   BANK2
      Params:         0       0       0       0       0
      Locals:         0       1       0       0       0
      Temps:          0       1       0       0       0
      Totals:         0       2       0       0       0
Total ram usage:        2 bytes
 Hardware stack levels used:    1
 Hardware stack levels required when called:    6
 This function calls:
		_Disable_All_Digits
		_Read_Limit_From_EEprom
 This function is called by:
		_main
 This function uses a non-reentrant model


 *************** function _Menu_Handler *****************
 Defined at:
		line 344 in file "menu.c"
 Parameters:    Size  Location     Type
  menudef         1    wreg     PTR struct .
		 -> main@menudef(7), 
  keydef          1   36[BANK0 ] PTR struct .
		 -> main@keydef(6), 
  time            1   37[BANK0 ] PTR struct .
		 -> main@time(7), 
 Auto vars:     Size  Location     Type
  menudef         1   39[BANK0 ] PTR struct .
		 -> main@menudef(7), 
  check_button    1   40[BANK0 ] unsigned char 
 Return value:  Size  Location     Type
                  1    wreg      void 
 Registers used:
		wreg, fsr0l, fsr0h, status,2, status,0, pclath, cstack
 Tracked objects:
		On entry : 
		On exit  : 
		Unchanged: 
 Data sizes:     COMMON   BANK0   BANK1   BANK3   BANK2
      Params:         0       2       0       0       0
      Locals:         0       2       0       0       0
      Temps:          0       1       0       0       0
      Totals:         0       5       0       0       0
Total ram usage:        5 bytes
 Hardware stack levels used:    1
 Hardware stack levels required when called:    9
 This function calls:
		_Button_Handler
		_Menu_Set_Time
		_Show_Time
 This function is called by:
		_main
 This function uses a non-reentrant model


 *************** function _Show_Time *****************
 Defined at:
		line 79 in file "menu.c"
 Parameters:    Size  Location     Type
  time            1    wreg     PTR struct .
		 -> main@time(7), 
  keydef          1   28[BANK0 ] PTR struct .
		 -> main@keydef(6), 
 Auto vars:     Size  Location     Type
  time            1   30[BANK0 ] PTR struct .
		 -> main@time(7), 
 Return value:  Size  Location     Type
                  1    wreg      void 
 Registers used:
		wreg, fsr0l, fsr0h, status,2, status,0, pclath, cstack
 Tracked objects:
		On entry : 
		On exit  : 
		Unchanged: 
 Data sizes:     COMMON   BANK0   BANK1   BANK3   BANK2
      Params:         0       1       0       0       0
      Locals:         0       1       0       0       0
      Temps:          0       1       0       0       0
      Totals:         0       3       0       0       0
Total ram usage:        3 bytes
 Hardware stack levels used:    1
 Hardware stack levels required when called:    8
 This function calls:
		_Button_Handler
		_Disable_All_Digits
		_PCF8583_Read_Time_Date
		___awdiv
		___awmod
 This function is called by:
		_Menu_Handler
 This function uses a non-reentrant model


 *************** function _Menu_Set_Time *****************
 Defined at:
		line 109 in file "menu.c"
 Parameters:    Size  Location     Type
  menudef         1    wreg     PTR struct .
		 -> main@menudef(7), 
  keydef          1   31[BANK0 ] PTR struct .
		 -> main@keydef(6), 
  menu_type       1   32[BANK0 ] unsigned char 
 Auto vars:     Size  Location     Type
  menudef         1    4[BANK1 ] PTR struct .
		 -> main@menudef(7), 
  current_menu    8   12[BANK1 ] struct MenuParamStruct
  time            7    5[BANK1 ] struct .
  current_menu    2    2[BANK1 ] PTR struct MenuParamStru
		 -> Menu_Set_Time@current_menu(8), NULL(0), Menu_Init@time_limit_work_day_2(8), Menu_Init@time_limit_work_day_1(8), 
		 -> Menu_Init@hours_minutes(8), 
  check_button    1    1[BANK1 ] unsigned char 
  key             1    0[BANK1 ] unsigned char 
 Return value:  Size  Location     Type
                  1    wreg      void 
 Registers used:
		wreg, fsr0l, fsr0h, status,2, status,0, pclath, cstack
 Tracked objects:
		On entry : 
		On exit  : 
		Unchanged: 
 Data sizes:     COMMON   BANK0   BANK1   BANK3   BANK2
      Params:         0       2       0       0       0
      Locals:         0       0      20       0       0
      Temps:          0       3       0       0       0
      Totals:         0       5      20       0       0
Total ram usage:       25 bytes
 Hardware stack levels used:    1
 Hardware stack levels required when called:    8
 This function calls:
		_Button_Handler
		_Menu_Set_Param_Time_Limit
		_PCF8583_Read_Time_Date
		_PCF8583_Set_Date_Time
		_Read_Limit_From_EEprom
		_Send_7Seg_Text
		_Write_Limit_To_EEprom
 This function is called by:
		_Menu_Handler
 This function uses a non-reentrant model


 *************** function _Write_Limit_To_EEprom *****************
 Defined at:
		line 372 in file "menu.c"
 Parameters:    Size  Location     Type
  limit1          1    wreg     PTR struct MenuParamStru
		 -> Menu_Init@time_limit_work_day_1(8), 
  limit2          1    8[BANK0 ] PTR struct MenuParamStru
		 -> Menu_Init@time_limit_work_day_2(8), 
 Auto vars:     Size  Location     Type
  limit1          1   10[BANK0 ] PTR struct MenuParamStru
		 -> Menu_Init@time_limit_work_day_1(8), 
 Return value:  Size  Location     Type
                  1    wreg      void 
 Registers used:
		wreg, fsr0l, fsr0h, status,2, status,0, pclath, cstack
 Tracked objects:
		On entry : 
		On exit  : 
		Unchanged: 
 Data sizes:     COMMON   BANK0   BANK1   BANK3   BANK2
      Params:         0       1       0       0       0
      Locals:         0       1       0       0       0
      Temps:          0       1       0       0       0
      Totals:         0       3       0       0       0
Total ram usage:        3 bytes
 Hardware stack levels used:    1
 Hardware stack levels required when called:    5
 This function calls:
		_Write_EEprom
 This function is called by:
		_Menu_Set_Time
 This function uses a non-reentrant model


 *************** function _Write_EEprom *****************
 Defined at:
		line 11 in file "flash.c"
 Parameters:    Size  Location     Type
  data            1    wreg     char 
  adress          1    6[BANK0 ] unsigned char 
 Auto vars:     Size  Location     Type
  data            1    7[BANK0 ] char 
 Return value:  Size  Location     Type
                  1    wreg      void 
 Registers used:
		wreg
 Tracked objects:
		On entry : 
		On exit  : 
		Unchanged: 
 Data sizes:     COMMON   BANK0   BANK1   BANK3   BANK2
      Params:         0       1       0       0       0
      Locals:         0       1       0       0       0
      Temps:          0       0       0       0       0
      Totals:         0       2       0       0       0
Total ram usage:        2 bytes
 Hardware stack levels used:    1
 Hardware stack levels required when called:    4
 This function calls:
		Nothing
 This function is called by:
		_Write_Limit_To_EEprom
 This function uses a non-reentrant model


 *************** function _Read_Limit_From_EEprom *****************
 Defined at:
		line 389 in file "menu.c"
 Parameters:    Size  Location     Type
  limit1          1    wreg     PTR struct MenuParamStru
		 -> Menu_Init@time_limit_work_day_1(8), 
  limit2          1    7[BANK0 ] PTR struct MenuParamStru
		 -> Menu_Init@time_limit_work_day_2(8), 
 Auto vars:     Size  Location     Type
  limit1          1    9[BANK0 ] PTR struct MenuParamStru
		 -> Menu_Init@time_limit_work_day_1(8), 
 Return value:  Size  Location     Type
                  1    wreg      void 
 Registers used:
		wreg, fsr0l, fsr0h, status,2, status,0, pclath, cstack
 Tracked objects:
		On entry : 
		On exit  : 
		Unchanged: 
 Data sizes:     COMMON   BANK0   BANK1   BANK3   BANK2
      Params:         0       1       0       0       0
      Locals:         0       1       0       0       0
      Temps:          0       1       0       0       0
      Totals:         0       3       0       0       0
Total ram usage:        3 bytes
 Hardware stack levels used:    1
 Hardware stack levels required when called:    5
 This function calls:
		_Read_EEprom
 This function is called by:
		_Menu_Init
		_Menu_Set_Time
 This function uses a non-reentrant model


 *************** function _Read_EEprom *****************
 Defined at:
		line 26 in file "flash.c"
 Parameters:    Size  Location     Type
  adress          1    wreg     unsigned char 
 Auto vars:     Size  Location     Type
  adress          1    6[BANK0 ] unsigned char 
 Return value:  Size  Location     Type
                  1    wreg      char 
 Registers used:
		wreg
 Tracked objects:
		On entry : 
		On exit  : 
		Unchanged: 
 Data sizes:     COMMON   BANK0   BANK1   BANK3   BANK2
      Params:         0       0       0       0       0
      Locals:         0       1       0       0       0
      Temps:          0       0       0       0       0
      Totals:         0       1       0       0       0
Total ram usage:        1 bytes
 Hardware stack levels used:    1
 Hardware stack levels required when called:    4
 This function calls:
		Nothing
 This function is called by:
		_Read_Limit_From_EEprom
 This function uses a non-reentrant model


 *************** function _PCF8583_Set_Date_Time *****************
 Defined at:
		line 105 in file "pcf8583.c"
 Parameters:    Size  Location     Type
  time_struct_    1    wreg     PTR struct .
		 -> Menu_Set_Time@time(7), 
 Auto vars:     Size  Location     Type
  time_struct_    1   24[BANK0 ] PTR struct .
		 -> Menu_Set_Time@time(7), 
  bcd_mon         1   23[BANK0 ] unsigned char 
  bcd_day         1   22[BANK0 ] unsigned char 
  bcd_hrs         1   21[BANK0 ] unsigned char 
  bcd_min         1   20[BANK0 ] unsigned char 
  bcd_sec         1   19[BANK0 ] unsigned char 
 Return value:  Size  Location     Type
                  1    wreg      void 
 Registers used:
		wreg, fsr0l, fsr0h, status,2, status,0, pclath, cstack
 Tracked objects:
		On entry : 
		On exit  : 
		Unchanged: 
 Data sizes:     COMMON   BANK0   BANK1   BANK3   BANK2
      Params:         0       0       0       0       0
      Locals:         0       6       0       0       0
      Temps:          0       2       0       0       0
      Totals:         0       8       0       0       0
Total ram usage:        8 bytes
 Hardware stack levels used:    1
 Hardware stack levels required when called:    7
 This function calls:
		_DEC_2_BCD
		_I2C_Master_Start
		_I2C_Master_Stop
		_I2C_Master_Write
		_PCF8583_Write_Byte
 This function is called by:
		_Menu_Set_Time
 This function uses a non-reentrant model


 *************** function _DEC_2_BCD *****************
 Defined at:
		line 30 in file "pcf8583.c"
 Parameters:    Size  Location     Type
  dec             1    wreg     unsigned char 
 Auto vars:     Size  Location     Type
  dec             1   16[BANK0 ] unsigned char 
 Return value:  Size  Location     Type
                  1    wreg      unsigned char 
 Registers used:
		wreg, status,2, status,0, pclath, cstack
 Tracked objects:
		On entry : 
		On exit  : 
		Unchanged: 
 Data sizes:     COMMON   BANK0   BANK1   BANK3   BANK2
      Params:         0       0       0       0       0
      Locals:         0       1       0       0       0
      Temps:          0       3       0       0       0
      Totals:         0       4       0       0       0
Total ram usage:        4 bytes
 Hardware stack levels used:    1
 Hardware stack levels required when called:    5
 This function calls:
		___lbdiv
		___lbmod
 This function is called by:
		_PCF8583_Set_Date_Time
 This function uses a non-reentrant model


 *************** function _Menu_Set_Param_Time_Limit *****************
 Defined at:
		line 190 in file "menu.c"
 Parameters:    Size  Location     Type
  menu            2   15[BANK0 ] PTR struct MenuParamStru
		 -> Menu_Set_Time@current_menu(8), NULL(0), Menu_Init@time_limit_work_day_2(8), Menu_Init@time_limit_work_day_1(8), 
		 -> Menu_Init@hours_minutes(8), 
  check_button    1   17[BANK0 ] unsigned char 
 Auto vars:     Size  Location     Type
		None
 Return value:  Size  Location     Type
                  1    wreg      void 
 Registers used:
		wreg, fsr0l, fsr0h, status,2, status,0, pclath, cstack
 Tracked objects:
		On entry : 
		On exit  : 
		Unchanged: 
 Data sizes:     COMMON   BANK0   BANK1   BANK3   BANK2
      Params:         0       3       0       0       0
      Locals:         0       0       0       0       0
      Temps:          0      13       0       0       0
      Totals:         0      16       0       0       0
Total ram usage:       16 bytes
 Hardware stack levels used:    1
 Hardware stack levels required when called:    5
 This function calls:
		___awdiv
		___awmod
		___lbdiv
		___lbmod
 This function is called by:
		_Menu_Set_Time
 This function uses a non-reentrant model


 *************** function ___lbmod *****************
 Defined at:
		line 4 in file "C:\Program Files (x86)\Microchip\xc8\v2.10\pic\sources\c90\common\lbmod.c"
 Parameters:    Size  Location     Type
  dividend        1    wreg     unsigned char 
  divisor         1    6[BANK0 ] unsigned char 
 Auto vars:     Size  Location     Type
  dividend        1   10[BANK0 ] unsigned char 
  rem             1   12[BANK0 ] unsigned char 
  counter         1   11[BANK0 ] unsigned char 
 Return value:  Size  Location     Type
                  1    wreg      unsigned char 
 Registers used:
		wreg, status,2, status,0
 Tracked objects:
		On entry : 
		On exit  : 
		Unchanged: 
 Data sizes:     COMMON   BANK0   BANK1   BANK3   BANK2
      Params:         0       1       0       0       0
      Locals:         0       3       0       0       0
      Temps:          0       3       0       0       0
      Totals:         0       7       0       0       0
Total ram usage:        7 bytes
 Hardware stack levels used:    1
 Hardware stack levels required when called:    4
 This function calls:
		Nothing
 This function is called by:
		_Menu_Set_Param_Time_Limit
		_DEC_2_BCD
 This function uses a non-reentrant model


 *************** function ___lbdiv *****************
 Defined at:
		line 4 in file "C:\Program Files (x86)\Microchip\xc8\v2.10\pic\sources\c90\common\lbdiv.c"
 Parameters:    Size  Location     Type
  dividend        1    wreg     unsigned char 
  divisor         1    6[BANK0 ] unsigned char 
 Auto vars:     Size  Location     Type
  dividend        1    8[BANK0 ] unsigned char 
  quotient        1   10[BANK0 ] unsigned char 
  counter         1    9[BANK0 ] unsigned char 
 Return value:  Size  Location     Type
                  1    wreg      unsigned char 
 Registers used:
		wreg, status,2, status,0
 Tracked objects:
		On entry : 
		On exit  : 
		Unchanged: 
 Data sizes:     COMMON   BANK0   BANK1   BANK3   BANK2
      Params:         0       1       0       0       0
      Locals:         0       3       0       0       0
      Temps:          0       1       0       0       0
      Totals:         0       5       0       0       0
Total ram usage:        5 bytes
 Hardware stack levels used:    1
 Hardware stack levels required when called:    4
 This function calls:
		Nothing
 This function is called by:
		_Menu_Set_Param_Time_Limit
		_DEC_2_BCD
 This function uses a non-reentrant model


 *************** function ___awmod *****************
 Defined at:
		line 5 in file "C:\Program Files (x86)\Microchip\xc8\v2.10\pic\sources\c90\common\awmod.c"
 Parameters:    Size  Location     Type
  divisor         2    6[BANK0 ] int 
  dividend        2    8[BANK0 ] int 
 Auto vars:     Size  Location     Type
  sign            1   12[BANK0 ] unsigned char 
  counter         1   11[BANK0 ] unsigned char 
 Return value:  Size  Location     Type
                  2    6[BANK0 ] int 
 Registers used:
		wreg, status,2, status,0
 Tracked objects:
		On entry : 
		On exit  : 
		Unchanged: 
 Data sizes:     COMMON   BANK0   BANK1   BANK3   BANK2
      Params:         0       4       0       0       0
      Locals:         0       2       0       0       0
      Temps:          0       1       0       0       0
      Totals:         0       7       0       0       0
Total ram usage:        7 bytes
 Hardware stack levels used:    1
 Hardware stack levels required when called:    4
 This function calls:
		Nothing
 This function is called by:
		_Show_Time
		_Menu_Set_Param_Time_Limit
 This function uses a non-reentrant model


 *************** function ___awdiv *****************
 Defined at:
		line 5 in file "C:\Program Files (x86)\Microchip\xc8\v2.10\pic\sources\c90\common\awdiv.c"
 Parameters:    Size  Location     Type
  divisor         2    6[BANK0 ] int 
  dividend        2    8[BANK0 ] int 
 Auto vars:     Size  Location     Type
  quotient        2   13[BANK0 ] int 
  sign            1   12[BANK0 ] unsigned char 
  counter         1   11[BANK0 ] unsigned char 
[...]
 This function calls:
		Nothing
 This function is called by:
		_One_Digit_Handler
		_Menu_Init
		_Show_Time
 This function uses a non-reentrant model


 *************** function _Frame_Decode *****************
 Defined at:
		line 165 in file "manchester_decode.c"
 Parameters:    Size  Location     Type
  DataRCV         1    wreg     PTR struct .
		 -> main@data_rcv(5), 
 Auto vars:     Size  Location     Type
  DataRCV         1   13[BANK0 ] PTR struct .
		 -> main@data_rcv(5), 
  i               1   15[BANK0 ] unsigned char 
  data            1   14[BANK0 ] unsigned char 
 Return value:  Size  Location     Type
                  2    9[BANK0 ] unsigned int 
 Registers used:
		wreg, fsr0l, fsr0h, status,2, status,0, pclath, cstack
 Tracked objects:
		On entry : 
		On exit  : 
		Unchanged: 
 Data sizes:     COMMON   BANK0   BANK1   BANK3   BANK2
      Params:         0       2       0       0       0
      Locals:         0       3       0       0       0
      Temps:          0       2       0       0       0
      Totals:         0       7       0       0       0
Total ram usage:        7 bytes
 Hardware stack levels used:    1
 Hardware stack levels required when called:    5
 This function calls:
		_Frame_Buffer
 This function is called by:
		_Check_Event
		_Check_RCV_Data
 This function uses a non-reentrant model


 *************** function _Frame_Buffer *****************
 Defined at:
		line 13 in file "circular_buffer.c"
 Parameters:    Size  Location     Type
  data            1    wreg     PTR unsigned char 
		 -> Frame_Decode@data(1), Manchester_Decode@decoded_byte(1), 
  mode            1    6[BANK0 ] unsigned char 
 Auto vars:     Size  Location     Type
  data            1    8[BANK0 ] PTR unsigned char 
		 -> Frame_Decode@data(1), Manchester_Decode@decoded_byte(1), 
 Return value:  Size  Location     Type
                  1    wreg      unsigned char 
 Registers used:
		wreg, fsr0l, fsr0h, status,2, status,0
 Tracked objects:
		On entry : 
		On exit  : 
		Unchanged: 
 Data sizes:     COMMON   BANK0   BANK1   BANK3   BANK2
      Params:         0       1       0       0       0
      Locals:         0       1       0       0       0
      Temps:          0       1       0       0       0
      Totals:         0       3       0       0       0
Total ram usage:        3 bytes
 Hardware stack levels used:    1
 Hardware stack levels required when called:    4
 This function calls:
		Nothing
 This function is called by:
		_Frame_Decode
 This function uses a non-reentrant model


 *************** function _CRC_check *****************
 Defined at:
		line 215 in file "manchester_decode.c"
 Parameters:    Size  Location     Type
  DataRCV         1    wreg     PTR struct .
		 -> main@data_rcv(5), 
 Auto vars:     Size  Location     Type
  DataRCV         1   19[BANK0 ] PTR struct .
		 -> main@data_rcv(5), 
  crc_val         2   17[BANK0 ] unsigned int 
 Return value:  Size  Location     Type
                  1    wreg      unsigned char 
 Registers used:
		wreg, fsr0l, fsr0h, status,2, status,0, btemp+1, pclath, cstack
 Tracked objects:
		On entry : 
		On exit  : 
		Unchanged: 
 Data sizes:     COMMON   BANK0   BANK1   BANK3   BANK2
      Params:         0       0       0       0       0
      Locals:         0       3       0       0       0
      Temps:          0       1       0       0       0
      Totals:         0       4       0       0       0
Total ram usage:        4 bytes
 Hardware stack levels used:    1
 Hardware stack levels required when called:    5
 This function calls:
		_CRC16
 This function is called by:
		_Check_RCV_Data
 This function uses a non-reentrant model


 *************** function _CRC16 *****************
 Defined at:
		line 7 in file "crc16.c"
 Parameters:    Size  Location     Type
  data_tab_ptr    1    wreg     PTR unsigned char 
		 -> main@data_rcv(5), 
  size            1    6[BANK0 ] unsigned char 
 Auto vars:     Size  Location     Type
  data_tab_ptr    1   11[BANK0 ] PTR unsigned char 
		 -> main@data_rcv(5), 
  crc             2   14[BANK0 ] unsigned int 
  i               1   13[BANK0 ] unsigned char 
  k               1   12[BANK0 ] unsigned char 
 Return value:  Size  Location     Type
                  2    6[BANK0 ] unsigned int 
 Registers used:
		wreg, fsr0l, fsr0h, status,2, status,0, btemp+1
 Tracked objects:
		On entry : 
		On exit  : 
		Unchanged: 
 Data sizes:     COMMON   BANK0   BANK1   BANK3   BANK2
      Params:         0       2       0       0       0
      Locals:         0       5       0       0       0
      Temps:          0       3       0       0       0
      Totals:         0      10       0       0       0
Total ram usage:       10 bytes
 Hardware stack levels used:    1
 Hardware stack levels required when called:    4
 This function calls:
		Nothing
 This function is called by:
		_CRC_check
 This function uses a non-reentrant model


 *************** function _Button_Init *****************
 Defined at:
		line 38 in file "key-handler.c"
 Parameters:    Size  Location     Type
  keydef          1    wreg     PTR struct .
		 -> main@keydef(6), 
 Auto vars:     Size  Location     Type
  keydef          1    7[BANK0 ] PTR struct .
		 -> main@keydef(6), 
 Return value:  Size  Location     Type
                  1    wreg      void 
 Registers used:
		wreg, fsr0l, fsr0h, status,2, status,0
 Tracked objects:
		On entry : 
		On exit  : 
		Unchanged: 
 Data sizes:     COMMON   BANK0   BANK1   BANK3   BANK2
      Params:         0       0       0       0       0
      Locals:         0       1       0       0       0
      Temps:          0       1       0       0       0
      Totals:         0       2       0       0       0
Total ram usage:        2 bytes
 Hardware stack levels used:    1
 Hardware stack levels required when called:    4
 This function calls:
		Nothing
 This function is called by:
		_main
 This function uses a non-reentrant model


 *************** function _ISR *****************
 Defined at:
		line 39 in file "interrupts.c"
 Parameters:    Size  Location     Type
		None
 Auto vars:     Size  Location     Type
  pulse_time      2    4[BANK0 ] unsigned int 
 Return value:  Size  Location     Type
                  1    wreg      void 
 Registers used:
		wreg, fsr0l, fsr0h, status,2, status,0, pclath, cstack
 Tracked objects:
		On entry : 
		On exit  : 
		Unchanged: 
 Data sizes:     COMMON   BANK0   BANK1   BANK3   BANK2
      Params:         0       0       0       0       0
      Locals:         0       2       0       0       0
      Temps:          0       4       0       0       0
      Totals:         0       6       0       0       0
Total ram usage:        6 bytes
 Hardware stack levels used:    1
 Hardware stack levels required when called:    3
 This function calls:
		_Manchester_Decode
		i1_Display_7Seg
 This function is called by:
		Interrupt level 1
 This function uses a non-reentrant model


 *************** function i1_Display_7Seg *****************
 Defined at:
		line 96 in file "display-7-segment.c"
 Parameters:    Size  Location     Type
  text            1    wreg     PTR unsigned char 
		 -> g_display_text(4), 
  decimal_poin    1   11[COMMON] unsigned char 
 Auto vars:     Size  Location     Type
  text            1   13[COMMON] PTR unsigned char 
		 -> g_display_text(4), 
 Return value:  Size  Location     Type
                  1    wreg      void 
 Registers used:
		wreg, fsr0l, fsr0h, status,2, status,0, pclath, cstack
 Tracked objects:
		On entry : 
		On exit  : 
		Unchanged: 
 Data sizes:     COMMON   BANK0   BANK1   BANK3   BANK2
      Params:         1       0       0       0       0
      Locals:         1       0       0       0       0
      Temps:          1       0       0       0       0
      Totals:         3       0       0       0       0
Total ram usage:        3 bytes
 Hardware stack levels used:    1
 Hardware stack levels required when called:    2
 This function calls:
		i1_One_Digit_Handler
 This function is called by:
		_ISR
 This function uses a non-reentrant model


 *************** function i1_One_Digit_Handler *****************
 Defined at:
		line 147 in file "display-7-segment.c"
 Parameters:    Size  Location     Type
  sign            1    wreg     unsigned char 
  digit_number    1    6[COMMON] unsigned char 
  decimal_poin    1    7[COMMON] unsigned char 
 Auto vars:     Size  Location     Type
  sign            1   10[COMMON] unsigned char 
 Return value:  Size  Location     Type
                  1    wreg      void 
 Registers used:
		wreg, fsr0l, fsr0h, status,2, status,0, pclath, cstack
 Tracked objects:
		On entry : 
		On exit  : 
		Unchanged: 
 Data sizes:     COMMON   BANK0   BANK1   BANK3   BANK2
      Params:         2       0       0       0       0
      Locals:         1       0       0       0       0
      Temps:          2       0       0       0       0
      Totals:         5       0       0       0       0
Total ram usage:        5 bytes
 Hardware stack levels used:    1
 Hardware stack levels required when called:    1
 This function calls:
		i1_Disable_All_Digits
		i1_Set_Anode_Outputs
		i1_Sign_Anode_Data
 This function is called by:
		i1_Display_7Seg
 This function uses a non-reentrant model


 *************** function i1_Sign_Anode_Data *****************
 Defined at:
		line 27 in file "display-7-segment.c"
 Parameters:    Size  Location     Type
  sign            1    wreg     unsigned char 
 Auto vars:     Size  Location     Type
  sign            1    2[COMMON] unsigned char 
 Return value:  Size  Location     Type
                  1    wreg      unsigned char 
 Registers used:
		wreg, fsr0l, fsr0h, status,2, status,0
 Tracked objects:
		On entry : 
		On exit  : 
		Unchanged: 
 Data sizes:     COMMON   BANK0   BANK1   BANK3   BANK2
      Params:         0       0       0       0       0
      Locals:         1       0       0       0       0
      Temps:          2       0       0       0       0
      Totals:         3       0       0       0       0
Total ram usage:        3 bytes
 Hardware stack levels used:    1
 This function calls:
		Nothing
 This function is called by:
		i1_One_Digit_Handler
 This function uses a non-reentrant model


 *************** function i1_Set_Anode_Outputs *****************
 Defined at:
		line 161 in file "display-7-segment.c"
 Parameters:    Size  Location     Type
  sign            1    wreg     unsigned char 
  decimal_poin    1    3[COMMON] unsigned char 
 Auto vars:     Size  Location     Type
  sign            1    5[COMMON] unsigned char 
 Return value:  Size  Location     Type
                  1    wreg      void 
 Registers used:
		wreg, status,2, status,0
 Tracked objects:
		On entry : 
		On exit  : 
		Unchanged: 
 Data sizes:     COMMON   BANK0   BANK1   BANK3   BANK2
      Params:         1       0       0       0       0
      Locals:         1       0       0       0       0
      Temps:          1       0       0       0       0
      Totals:         3       0       0       0       0
Total ram usage:        3 bytes
 Hardware stack levels used:    1
 This function calls:
		Nothing
 This function is called by:
		i1_One_Digit_Handler
 This function uses a non-reentrant model


 *************** function i1_Disable_All_Digits *****************
 Defined at:
		line 86 in file "display-7-segment.c"
 Parameters:    Size  Location     Type
		None
 Auto vars:     Size  Location     Type
		None
 Return value:  Size  Location     Type
                  1    wreg      void 
 Registers used:
		None
 Tracked objects:
		On entry : 
		On exit  : 
		Unchanged: 
 Data sizes:     COMMON   BANK0   BANK1   BANK3   BANK2
      Params:         0       0       0       0       0
      Locals:         0       0       0       0       0
      Temps:          0       0       0       0       0
      Totals:         0       0       0       0       0
Total ram usage:        0 bytes
 Hardware stack levels used:    1
 This function calls:
		Nothing
 This function is called by:
		i1_One_Digit_Handler
 This function uses a non-reentrant model


 *************** function _Manchester_Decode *****************
 Defined at:
		line 53 in file "manchester_decode.c"
 Parameters:    Size  Location     Type
  edge_dir        1    wreg     PTR unsigned char 
		 -> ISR@edge_dir(1), 
  pulse_time      1    3[COMMON] PTR unsigned int 
		 -> ISR@pulse_time(2), 
 Auto vars:     Size  Location     Type
  edge_dir        1    8[COMMON] PTR unsigned char 
		 -> ISR@edge_dir(1), 
 Return value:  Size  Location     Type
                  1    wreg      void 
 Registers used:
		wreg, fsr0l, fsr0h, status,2, status,0, pclath, cstack
 Tracked objects:
		On entry : 
		On exit  : 
		Unchanged: 
 Data sizes:     COMMON   BANK0   BANK1   BANK3   BANK2
      Params:         1       0       0       0       0
      Locals:         1       0       0       0       0
      Temps:          4       0       0       0       0
      Totals:         6       0       0       0       0
Total ram usage:        6 bytes
 Hardware stack levels used:    1
 Hardware stack levels required when called:    1
 This function calls:
		i1_Frame_Buffer
 This function is called by:
		_ISR
 This function uses a non-reentrant model


 *************** function i1_Frame_Buffer *****************
 Defined at:
		line 13 in file "circular_buffer.c"
 Parameters:    Size  Location     Type
  data            1    wreg     PTR unsigned char 
		 -> Frame_Decode@data(1), Manchester_Decode@decoded_byte(1), 
  mode            1    0[COMMON] unsigned char 
 Auto vars:     Size  Location     Type
  data            1    2[COMMON] PTR unsigned char 
		 -> Frame_Decode@data(1), Manchester_Decode@decoded_byte(1), 
 Return value:  Size  Location     Type
                  1    wreg      unsigned char 
 Registers used:
		wreg, fsr0l, fsr0h, status,2, status,0
 Tracked objects:
		On entry : 
		On exit  : 
		Unchanged: 
 Data sizes:     COMMON   BANK0   BANK1   BANK3   BANK2
      Params:         1       0       0       0       0
      Locals:         1       0       0       0       0
      Temps:          1       0       0       0       0
      Totals:         3       0       0       0       0
Total ram usage:        3 bytes
 Hardware stack levels used:    1
 This function calls:
		Nothing
 This function is called by:
		_Manchester_Decode
 This function uses a non-reentrant model



MODULE INFORMATION

Module		Function		Class		Link	Load	Size
C:\Program Files (x86)\Microchip\xc8\v2.10\pic\sources\c90\common\lwdiv.c
		___lwdiv       		CODE           	1224	0000	61

C:\Program Files (x86)\Microchip\xc8\v2.10\pic\sources\c90\common\lwdiv.c estimated size: 61

C:\Program Files (x86)\Microchip\xc8\v2.10\pic\sources\c90\common\awdiv.c
		___awdiv       		CODE           	144D	0000	90

C:\Program Files (x86)\Microchip\xc8\v2.10\pic\sources\c90\common\awdiv.c estimated size: 90

C:\Program Files (x86)\Microchip\xc8\v2.10\pic\sources\c90\common\lbmod.c
		___lbmod       		CODE           	1FB5	0000	36

C:\Program Files (x86)\Microchip\xc8\v2.10\pic\sources\c90\common\lbmod.c estimated size: 36

interrupts.c
		_ISR           		CODE           	0A32	0000	144
		_Interrupt_Init		CODE           	1EE5	0000	20

interrupts.c estimated size: 164

C:\Program Files (x86)\Microchip\xc8\v2.10\pic\sources\c90\common\Umul16.c
		___wmul        		CODE           	1F51	0000	34

C:\Program Files (x86)\Microchip\xc8\v2.10\pic\sources\c90\common\Umul16.c estimated size: 34

C:\Program Files (x86)\Microchip\xc8\v2.10\pic\sources\c90\common\Umul8.c
		___bmul        		CODE           	1ED4	0000	18

C:\Program Files (x86)\Microchip\xc8\v2.10\pic\sources\c90\common\Umul8.c estimated size: 18

circular_buffer.c
		_Frame_Buffer  		CODE           	12DE	0000	65

circular_buffer.c estimated size: 65

inits.c
		_Global_Init   		CODE           	1F93	0000	35

inits.c estimated size: 35

pcf8583.c
		_DEC_2_BCD     		CODE           	1EF8	0000	29
		_PCF8583_Write_Byte		CODE           	108F	0000	45
		_BCD_2_DEC     		CODE           	104D	0000	23
		_PCF8583_Set_Date_Time		CODE           	0D0A	0000	214
		_PCF8583_Read_Time_Date		CODE           	0EE9	0000	280
		_PCF8583_Read_Byte		CODE           	11EA	0000	59

pcf8583.c estimated size: 650

melody.c
		_Generate_PWM  		CODE           	1063	0000	45
		_Init_CompareMode		CODE           	1EC7	0000	14
		_Play_Ring     		CODE           	083B	0000	122
		_Init_CaptureMode		CODE           	1EBA	0000	14

melody.c estimated size: 195

C:\Program Files (x86)\Microchip\xc8\v2.10\pic\sources\c90\common\__lldiv.c
		___lldiv       		CODE           	14A6	0000	95

C:\Program Files (x86)\Microchip\xc8\v2.10\pic\sources\c90\common\__lldiv.c estimated size: 95

crc16.c
		_CRC16         		CODE           	131E	0000	66

crc16.c estimated size: 66

display-7-segment.c
		_Sign_Anode_Data		CODE           	0C3B	0000	208
		_Set_Anode_Outputs		CODE           	1567	0000	100
		_Disable_All_Digits		CODE           	1E7D	0000	6
		_One_Digit_Handler		CODE           	1180	0000	54
		_Display_7Seg  		CODE           	1714	0000	118

display-7-segment.c estimated size: 486

C:\Program Files (x86)\Microchip\xc8\v2.10\pic\sources\c90\common\Umul32.c
		___lmul        		CODE           	129F	0000	64

C:\Program Files (x86)\Microchip\xc8\v2.10\pic\sources\c90\common\Umul32.c estimated size: 64

C:\Program Files (x86)\Microchip\xc8\v2.10\pic\sources\c90\common\lbdiv.c
		___lbdiv       		CODE           	1F72	0000	34

C:\Program Files (x86)\Microchip\xc8\v2.10\pic\sources\c90\common\lbdiv.c estimated size: 34

key-handler.c
		_Button_Init   		CODE           	0AC1	0000	172
		_Button_Handler		CODE           	15CA	0000	106
		_Key_Press     		CODE           	092D	0000	129

key-handler.c estimated size: 407

shared
		Play_Ring@melody		STRING         	1006	0000	19
		__stringtab    		STRING         	1000	0000	7
		i1_Set_Anode_Outputs		CODE           	1504	0000	100
		CRC16@generator		STRING         	0000	0000	0
		i1_Sign_Anode_Data		CODE           	0B6C	0000	208
		i1_Frame_Buffer		CODE           	1260	0000	64
		i1_Disable_All_Digits		CODE           	1E78	0000	6
		__initialization		CODE           	0013	0000	31
		i1_Display_7Seg		CODE           	169F	0000	118
		i1_One_Digit_Handler		CODE           	114B	0000	54
		Play_Ring@tempo		STRING         	0000	0000	0
		Play_Ring@beats		STRING         	1018	0000	10

shared estimated size: 617

flash.c
		_Read_EEprom   		CODE           	1EAE	0000	13
		_Write_EEprom  		CODE           	1F14	0000	29

flash.c estimated size: 42

utils.c
		_Wait_ms       		CODE           	10BB	0000	46

utils.c estimated size: 46

menu.c
		_Send_7Seg_Text		CODE           	07E2	0000	31
		_Read_Limit_From_EEprom		CODE           	11B5	0000	54
		_Menu_Set_Time 		CODE           	06AD	0000	310
		_Menu_Set_Param_Time_Limit		CODE           	0035	0000	1657
		_Write_Limit_To_EEprom		CODE           	10E8	0000	49
		_Show_Time     		CODE           	1789	0000	120
		_Menu_Handler  		CODE           	1118	0000	52
		_Menu_Init     		CODE           	1633	0000	109

menu.c estimated size: 2382

C:\Program Files (x86)\Microchip\xc8\v2.10\pic\sources\c90\common\awmod.c
		___awmod       		CODE           	135F	0000	76

C:\Program Files (x86)\Microchip\xc8\v2.10\pic\sources\c90\common\awmod.c estimated size: 76

manchester_decode.c
		_Manchester_Decode		CODE           	0DDF	0000	267
		_Check_Time_Date		CODE           	09AD	0000	134
		_Check_Event   		CODE           	08B4	0000	122
		_Check_RCV_Data		CODE           	13AA	0000	79
		_Frame_Decode  		CODE           	13F8	0000	86
		_CRC_check     		CODE           	1F30	0000	34

manchester_decode.c estimated size: 722

main.c
		_main          		CODE           	0801	0000	59

main.c estimated size: 59

hw_i2c.c
		_I2C_Master_Read		CODE           	1FD8	0000	41
		_I2C_Master_Wait		CODE           	1E96	0000	13
		_I2C_Master_Stop		CODE           	1048	0000	6
		_I2C_Init      		CODE           	1EA2	0000	13
		_I2C_Master_Write		CODE           	1E87	0000	8
		_I2C_Master_Start		CODE           	1E82	0000	6

hw_i2c.c estimated size: 87

