Microchip MPLAB XC8 Compiler V2.10 ()

Linker command line:

-W-3 --edf=C:\Program Files (x86)\Microchip\xc8\v2.10\pic\dat\en_msgs.txt \
  -cs -h+dist/default/production\measuring-sending-module.X.production.sym \
  --cmf=dist/default/production\measuring-sending-module.X.production.cmf \
  -z -Q16F819 -oC:\Users\LPCusr\AppData\Local\Temp\s9j4.2 \
  --defsym=__MPLAB_BUILD=1 \
  -Mdist/default/production/measuring-sending-module.X.production.map -E1 \
  -ver=XC8 --acfsm=1493 -ASTACK=0A0h-0EFh -pstack=STACK -ACODE=00h-07FFh \
  -ASTRCODE=00h-07FFh -ASTRING=00h-0FFhx8 -ACONST=00h-0FFhx8 \
  -AENTRY=00h-0FFhx8 -ACOMMON=070h-07Fh -ABANK0=020h-06Fh -ABANK1=0A0h-0EFh \
  -ABANK2=0120h-016Fh -ARAM=020h-06Fh,0A0h-0EFh,0120h-016Fh \
  -AABS1=020h-07Fh,0A0h-0EFh,0120h-016Fh -ASFR0=00h-01Fh -ASFR1=080h-09Fh \
  -ASFR2=0100h-011Fh -ASFR3=0180h-01EFh \
  -preset_vec=00h,intentry=04h,init,end_init -ppowerup=CODE -pcinit=CODE \
  -pfunctab=ENTRY -ACONFIG=02007h-02007h -pconfig=CONFIG -DCONFIG=2 \
  -AIDLOC=02000h-02003h -pidloc=IDLOC -DIDLOC=2 -AEEDATA=00h-0FFh/02100h \
  -peeprom_data=EEDATA -DEEDATA=2 -DCODE=2 -DSTRCODE=2 -DSTRING=2 -DCONST=2 \
  -DENTRY=2 -k C:\Users\LPCusr\AppData\Local\Temp\s9j4.o \
  dist/default/production\measuring-sending-module.X.production.o 

Object code version is 3.11

Machine type is 16F819



                Name                               Link     Load   Length Selector   Space Scale
C:\Users\LPCusr\AppData\Local\Temp\s9j4.o
                end_init                              A        A        1        8       0
                reset_vec                             0        0        1        0       0
                config                             2007     2007        1     400E       0
dist/default/production\measuring-sending-module.X.production.o
                cinit                                 B        B        3        8       0
                intentry                              4        4        6        8       0
                text14                              14A      14A       14        8       0
                text13                              188      188        8      2D4       0
                text12                              180      180        8      2D4       0
                text11                              176      176        A      2D4       0
                text10                              132      132       18        8       0
                text9                               112      112       20        8       0
                text8                               16A      16A        C      2D4       0
                text7                                77       77       42        8       0
                text6                               1A4      1A4        6      2D4       0
                text5                               197      197        7      2D4       0
                text4                               190      190        7      2D4       0
                text3                                B9       B9       39        8       0
                text2                                 E        E       69        8       0
                text1                                F2       F2       20        8       0
                maintext                            19E      19E        6      2D4       0
                cstackBANK0                          20       20       14       20       1
                cstackCOMMON                         70       70        B       70       1
                bssCOMMON                            7B       7B        1       70       1
                strings                             15E      15E        C      2BC       0

TOTAL           Name                               Link     Load   Length     Space
        CLASS   STACK          

        CLASS   CODE           
                end_init                              A        A        1         0
                cinit                                 B        B        3         0
                intentry                              4        4        6         0
                reset_vec                             0        0        1         0
                text14                              14A      14A       14         0
                text13                              188      188        8         0
                text12                              180      180        8         0
                text11                              176      176        A         0
                text10                              132      132       18         0
                text9                               112      112       20         0
                text8                               16A      16A        C         0
                text7                                77       77       42         0
                text6                               1A4      1A4        6         0
                text5                               197      197        7         0
                text4                               190      190        7         0
                text3                                B9       B9       39         0
                text2                                 E        E       69         0
                text1                                F2       F2       20         0
                maintext                            19E      19E        6         0

        CLASS   STRCODE        

        CLASS   STRING         
                strings                             15E      15E        C         0

        CLASS   CONST          

        CLASS   ENTRY          

        CLASS   COMMON         
                cstackCOMMON                         70       70        B         1
                bssCOMMON                            7B       7B        1         1

        CLASS   BANK0          
                cstackBANK0                          20       20       14         1

        CLASS   BANK1          

        CLASS   BANK2          

        CLASS   RAM            

        CLASS   ABS1           
                abs_s1                               7E       7E        2         1

        CLASS   SFR0           

        CLASS   SFR1           

        CLASS   SFR2           

        CLASS   SFR3           

        CLASS   CONFIG         
                config                             2007     2007        1         0

        CLASS   IDLOC          

        CLASS   EEDATA         

        CLASS   BANK3          



SEGMENTS        Name                           Load    Length   Top    Selector   Space  Class     Delta

                reset_vec                      000000  000001  000001         0       0  CODE        2
                intentry                       000004  00015A  00015E         8       0  CODE        2
                cstackBANK0                    000020  000014  000034        20       1  BANK0       1
                cstackCOMMON                   000070  00000C  00007C        70       1  COMMON      1
                strings                        00015E  00000C  00016A       2BC       0  STRING      2
                text8                          00016A  000040  0001AA       2D4       0  CODE        2
                config                         002007  000001  002008      400E       0  CONFIG      2


UNUSED ADDRESS RANGES

        Name                Unused          Largest block    Delta
        BANK0            0034-006F             3C           1
        BANK1            00A0-00EF             50           1
        BANK2            0120-016F             50           1
        CODE             0001-0003              3           2
                         01AA-07FF            656
        COMMON           007C-007D              2           1
        CONST            0001-0003              3           2
                         01AA-07FF            100
        EEDATA           2100-21FF            100           2
        ENTRY            0001-0003              3           2
                         01AA-07FF            100
        IDLOC            2000-2003              4           2
        RAM              0034-006F             3C           1
                         00A0-00EF             50
                         0120-016F             50
        SFR0             0000-001F             20           1
        SFR1             0080-009F             20           1
        SFR2             0100-011F             20           1
        SFR3             0180-01EF             70           1
        STACK            00A0-00EF             50           1
        STRCODE          0001-0003              3           2
                         01AA-07FF            656
        STRING           0001-0003              3           2
                         01AA-07FF            100

                                  Symbol Table

?_CRC16                             cstackCOMMON 0072
CRC16@crc                           cstackBANK0  0023
CRC16@data_tab_ptr                  cstackBANK0  0020
CRC16@i                             cstackBANK0  0022
CRC16@k                             cstackBANK0  0021
CRC16@size                          cstackCOMMON 0072
CheckInputState@input               cstackCOMMON 0073
ManchesteEncode@bit_loop            cstackCOMMON 0078
ManchesteEncode@data_lenght         cstackCOMMON 0072
ManchesteEncode@data_loop           cstackCOMMON 0077
ManchesteEncode@data_to_send        cstackCOMMON 0076
SendFrame@crc_val                   cstackBANK0  002F
SendFrame@data_table                cstackBANK0  0025
SendFrame@i                         cstackBANK0  0031
SendFrame@j                         cstackBANK0  0032
SendFrame@type                      cstackBANK0  0033
_ADCON1bits                         (abs)        009F
_CCP1CONbits                        (abs)        0017
_CCPR1                              (abs)        0015
_CRC16                              text7        0077
_CheckGateCloseSwitch               text11       0176
_CheckInputState                    text8        016A
_DebounceWait                       text13       0188
_GateStartHighTime                  text12       0180
_GlobalInits                        text10       0132
_INTCONbits                         (abs)        000B
_ISR                                text14       014A
_InterruptConfig                    text9        0112
_LineState                          text1        00F2
_ManchesteEncode                    text3        00B9
_ManchesterSendOne                  text5        0197
_ManchesterSendZero                 text4        0190
_OPTION_REGbits                     (abs)        0081
_OSCCONbits                         (abs)        008F
_PIE1bits                           (abs)        008C
_PIR1bits                           (abs)        000C
_PORTAbits                          (abs)        0005
_PORTBbits                          (abs)        0006
_SendFrame                          text2        000E
_T1CONbits                          (abs)        0010
_T2CONbits                          (abs)        0012
_TMR1                               (abs)        000E
_TMR2IE                             (abs)        0461
_TMR2IF                             (abs)        0061
_TRISA0                             (abs)        0428
_TRISA1                             (abs)        0429
_TRISA2                             (abs)        042A
_TRISA3                             (abs)        042B
_TRISA4                             (abs)        042C
_TRISA6                             (abs)        042E
_TRISA7                             (abs)        042F
_TRISB0                             (abs)        0430
_TRISB1                             (abs)        0431
_TRISB2                             (abs)        0432
_TRISB3                             (abs)        0433
_TRISB4                             (abs)        0434
_TRISB5                             (abs)        0435
_WaitManchesterT                    text6        01A4
__CFG_BOREN$OFF                     (abs)        0000
__CFG_CCPMX$RB2                     (abs)        0000
__CFG_CP$OFF                        (abs)        0000
__CFG_CPD$OFF                       (abs)        0000
__CFG_FOSC$INTOSCIO                 (abs)        0000
__CFG_LVP$OFF                       (abs)        0000
__CFG_MCLRE$ON                      (abs)        0000
__CFG_PWRTE$OFF                     (abs)        0000
__CFG_WDTE$ON                       (abs)        0000
__CFG_WRT$OFF                       (abs)        0000
__Habs1                             abs1         0000
__Hbank0                            bank0        0000
__Hbank1                            bank1        0000
__Hbank2                            bank2        0000
__Hbank3                            bank3        0000
__HbssCOMMON                        bssCOMMON    0000
__Hcinit                            cinit        000E
__Hclrtext                          clrtext      0000
__Hcode                             code         0000
__Hcommon                           common       0000
__Hconfig                           config       2008
__HcstackBANK0                      cstackBANK0  0000
__HcstackCOMMON                     cstackCOMMON 0000
__Heeprom_data                      eeprom_data  0000
__Hend_init                         end_init     000B
__Hfunctab                          functab      0000
__Hidloc                            idloc        0000
__Hinit                             init         000A
__Hintentry                         intentry     000A
__Hmaintext                         maintext     0000
__Hpowerup                          powerup      0000
__Hram                              ram          0000
__Hreset_vec                        reset_vec    0001
__Hsfr0                             sfr0         0000
__Hsfr1                             sfr1         0000
__Hsfr2                             sfr2         0000
__Hsfr3                             sfr3         0000
__Hspace_0                          (abs)        2008
__Hspace_1                          (abs)        007C
__Hspace_2                          (abs)        0000
__Hspace_3                          (abs)        0000
__Hstack                            stack        0000
__Hstrings                          strings      0000
__Htext                             text         0000
__Labs1                             abs1         0000
__Lbank0                            bank0        0000
__Lbank1                            bank1        0000
__Lbank2                            bank2        0000
__Lbank3                            bank3        0000
__LbssCOMMON                        bssCOMMON    0000
__Lcinit                            cinit        000B
__Lclrtext                          clrtext      0000
__Lcode                             code         0000
__Lcommon                           common       0000
__Lconfig                           config       2007
__LcstackBANK0                      cstackBANK0  0000
__LcstackCOMMON                     cstackCOMMON 0000
__Leeprom_data                      eeprom_data  0000
__Lend_init                         end_init     000A
__Lfunctab                          functab      0000
__Lidloc                            idloc        0000
__Linit                             init         000A
__Lintentry                         intentry     0004
__Lmaintext                         maintext     0000
__Lpowerup                          powerup      0000
__Lram                              ram          0000
__Lreset_vec                        reset_vec    0000
__Lsfr0                             sfr0         0000
__Lsfr1                             sfr1         0000
__Lsfr2                             sfr2         0000
__Lsfr3                             sfr3         0000
__Lspace_0                          (abs)        0000
__Lspace_1                          (abs)        0000
__Lspace_2                          (abs)        0000
__Lspace_3                          (abs)        0000
__Lstack                            stack        0000
__Lstrings                          strings      0000
__Ltext                             text         0000
__S0                                (abs)        2008
__S1                                (abs)        007C
__S2                                (abs)        0000
__S3                                (abs)        0000
___int_sp                           stack        0000
___latbits                          (abs)        0000
___sp                               stack        0000
___stackhi                          (abs)        0000
___stacklo                          (abs)        0000
__end_ofCRC16@generator             strings      0166
__end_ofInterruptConfig@k_baud_rate strings      016A
__end_of_CRC16                      text7        00B9
__end_of_CheckGateCloseSwitch       text11       0180
__end_of_CheckInputState            text8        0176
__end_of_DebounceWait               text13       0190
__end_of_GateStartHighTime          text12       0188
__end_of_GlobalInits                text10       014A
__end_of_ISR                        text14       015E
__end_of_InterruptConfig            text9        0132
__end_of_LineState                  text1        0112
__end_of_ManchesteEncode            text3        00F2
__end_of_ManchesterSendOne          text5        019E
__end_of_ManchesterSendZero         text4        0197
__end_of_SendFrame                  text2        0077
__end_of_WaitManchesterT            text6        01AA
__end_of__initialization            cinit        000C
__end_of__stringtab                 strings      0164
__end_of_main                       maintext     01A4
__initialization                    cinit        000B
__pbssCOMMON                        bssCOMMON    007B
__pcstackBANK0                      cstackBANK0  0020
__pcstackCOMMON                     cstackCOMMON 0070
__pintentry                         intentry     0004
__pmaintext                         maintext     019E
__pstrings                          strings      015E
__ptext1                            text1        00F2
__ptext10                           text10       0132
__ptext11                           text11       0176
__ptext12                           text12       0180
__ptext13                           text13       0188
__ptext14                           text14       014A
__ptext2                            text2        000E
__ptext3                            text3        00B9
__ptext4                            text4        0190
__ptext5                            text5        0197
__ptext6                            text6        01A4
__ptext7                            text7        0077
__ptext8                            text8        016A
__ptext9                            text9        0112
__size_of_CRC16                     (abs)        0000
__size_of_CheckGateCloseSwitch      (abs)        0000
__size_of_CheckInputState           (abs)        0000
__size_of_DebounceWait              (abs)        0000
__size_of_GateStartHighTime         (abs)        0000
__size_of_GlobalInits               (abs)        0000
__size_of_ISR                       (abs)        0000
__size_of_InterruptConfig           (abs)        0000
__size_of_LineState                 (abs)        0000
__size_of_ManchesteEncode           (abs)        0000
__size_of_ManchesterSendOne         (abs)        0000
__size_of_ManchesterSendZero        (abs)        0000
__size_of_SendFrame                 (abs)        0000
__size_of_WaitManchesterT           (abs)        0000
__size_of_main                      (abs)        0000
__stringbase                        strings      0163
__stringtab                         strings      015E
_g_key_timer                        bssCOMMON    007B
_main                               maintext     019E
btemp                               (abs)        007E
end_of_initialization               cinit        000C
interrupt_function                  intentry     0004
intlevel0                           functab      0000
intlevel1                           functab      0000
intlevel2                           functab      0000
intlevel3                           functab      0000
intlevel4                           functab      0000
intlevel5                           functab      0000
reset_vec                           reset_vec    0000
saved_w                             (abs)        007E
start                               init         000A
start_initialization                cinit        000B
wtemp0                              (abs)        007E


FUNCTION INFORMATION:

 *************** function _main *****************
 Defined at:
		line 18 in file "main.c"
 Parameters:    Size  Location     Type
		None
 Auto vars:     Size  Location     Type
		None
 Return value:  Size  Location     Type
                  1    wreg      void 
 Registers used:
		wreg, fsr0l, fsr0h, status,2, status,0, btemp+1, pclath, cstack
 Tracked objects:
		On entry : 
		On exit  : 
		Unchanged: 
 Data sizes:     COMMON   BANK0   BANK1   BANK2
      Params:         0       0       0       0
      Locals:         0       0       0       0
      Temps:          0       0       0       0
      Totals:         0       0       0       0
Total ram usage:        0 bytes
 Hardware stack levels required when called:    6
 This function calls:
		_CheckGateCloseSwitch
		_GlobalInits
		_InterruptConfig
		_LineState
 This function is called by:
		Startup code after reset
 This function uses a non-reentrant model


 *************** function _LineState *****************
 Defined at:
		line 40 in file "input_handler.c"
 Parameters:    Size  Location     Type
		None
 Auto vars:     Size  Location     Type
		None
 Return value:  Size  Location     Type
                  1    wreg      void 
 Registers used:
		wreg, fsr0l, fsr0h, status,2, status,0, btemp+1, pclath, cstack
 Tracked objects:
		On entry : 
		On exit  : 
		Unchanged: 
 Data sizes:     COMMON   BANK0   BANK1   BANK2
      Params:         0       0       0       0
      Locals:         0       0       0       0
      Temps:          1       0       0       0
      Totals:         1       0       0       0
Total ram usage:        1 bytes
 Hardware stack levels used:    1
 Hardware stack levels required when called:    5
 This function calls:
		_CheckInputState
		_SendFrame
 This function is called by:
		_main
 This function uses a non-reentrant model


 *************** function _SendFrame *****************
 Defined at:
		line 71 in file "manchester_encode.c"
 Parameters:    Size  Location     Type
  type            1    wreg     unsigned char 
 Auto vars:     Size  Location     Type
  type            1   19[BANK0 ] unsigned char 
  data_table     10    5[BANK0 ] unsigned char [10]
  crc_val         2   15[BANK0 ] unsigned int 
  j               1   18[BANK0 ] unsigned char 
  i               1   17[BANK0 ] unsigned char 
 Return value:  Size  Location     Type
                  1    wreg      void 
 Registers used:
		wreg, fsr0l, fsr0h, status,2, status,0, btemp+1, pclath, cstack
 Tracked objects:
		On entry : 
		On exit  : 
		Unchanged: 
 Data sizes:     COMMON   BANK0   BANK1   BANK2
      Params:         0       0       0       0
      Locals:         0      15       0       0
      Temps:          1       0       0       0
      Totals:         1      15       0       0
Total ram usage:       16 bytes
 Hardware stack levels used:    1
 Hardware stack levels required when called:    4
 This function calls:
		_CRC16
		_ManchesteEncode
		_WaitManchesterT
 This function is called by:
		_LineState
 This function uses a non-reentrant model


 *************** function _ManchesteEncode *****************
 Defined at:
		line 49 in file "manchester_encode.c"
 Parameters:    Size  Location     Type
  data_to_send    1    wreg     PTR unsigned char 
		 -> SendFrame@data_table(10), 
  data_lenght     1    2[COMMON] unsigned char 
 Auto vars:     Size  Location     Type
  data_to_send    1    6[COMMON] PTR unsigned char 
		 -> SendFrame@data_table(10), 
  bit_loop        1    8[COMMON] char 
  data_loop       1    7[COMMON] char 
 Return value:  Size  Location     Type
                  1    wreg      void 
 Registers used:
		wreg, fsr0l, fsr0h, status,2, status,0, pclath, cstack
 Tracked objects:
		On entry : 
		On exit  : 
		Unchanged: 
 Data sizes:     COMMON   BANK0   BANK1   BANK2
      Params:         1       0       0       0
      Locals:         3       0       0       0
      Temps:          3       0       0       0
      Totals:         7       0       0       0
Total ram usage:        7 bytes
 Hardware stack levels used:    1
 Hardware stack levels required when called:    3
 This function calls:
		_ManchesterSendOne
		_ManchesterSendZero
 This function is called by:
		_SendFrame
 This function uses a non-reentrant model


 *************** function _ManchesterSendZero *****************
 Defined at:
		line 41 in file "manchester_encode.c"
 Parameters:    Size  Location     Type
		None
 Auto vars:     Size  Location     Type
		None
 Return value:  Size  Location     Type
                  1    wreg      void 
 Registers used:
		status,2, status,0, pclath, cstack
 Tracked objects:
		On entry : 
		On exit  : 
		Unchanged: 
 Data sizes:     COMMON   BANK0   BANK1   BANK2
      Params:         0       0       0       0
      Locals:         0       0       0       0
      Temps:          0       0       0       0
      Totals:         0       0       0       0
Total ram usage:        0 bytes
 Hardware stack levels used:    1
 Hardware stack levels required when called:    2
 This function calls:
		_WaitManchesterT
 This function is called by:
		_ManchesteEncode
 This function uses a non-reentrant model


 *************** function _ManchesterSendOne *****************
 Defined at:
		line 33 in file "manchester_encode.c"
 Parameters:    Size  Location     Type
		None
 Auto vars:     Size  Location     Type
		None
 Return value:  Size  Location     Type
                  1    wreg      void 
 Registers used:
		status,2, status,0, pclath, cstack
 Tracked objects:
		On entry : 
		On exit  : 
		Unchanged: 
 Data sizes:     COMMON   BANK0   BANK1   BANK2
      Params:         0       0       0       0
      Locals:         0       0       0       0
      Temps:          0       0       0       0
      Totals:         0       0       0       0
Total ram usage:        0 bytes
 Hardware stack levels used:    1
 Hardware stack levels required when called:    2
 This function calls:
		_WaitManchesterT
 This function is called by:
		_ManchesteEncode
 This function uses a non-reentrant model


 *************** function _WaitManchesterT *****************
 Defined at:
		line 23 in file "manchester_encode.c"
 Parameters:    Size  Location     Type
		None
 Auto vars:     Size  Location     Type
		None
 Return value:  Size  Location     Type
                  1    wreg      void 
 Registers used:
		status,2
 Tracked objects:
		On entry : 
		On exit  : 
		Unchanged: 
 Data sizes:     COMMON   BANK0   BANK1   BANK2
      Params:         0       0       0       0
      Locals:         0       0       0       0
      Temps:          0       0       0       0
      Totals:         0       0       0       0
Total ram usage:        0 bytes
 Hardware stack levels used:    1
 Hardware stack levels required when called:    1
 This function calls:
		Nothing
 This function is called by:
		_ManchesterSendOne
		_ManchesterSendZero
		_SendFrame
 This function uses a non-reentrant model


 *************** function _CRC16 *****************
 Defined at:
		line 8 in file "crc16.c"
 Parameters:    Size  Location     Type
  data_tab_ptr    1    wreg     PTR unsigned char 
		 -> SendFrame@data_table(10), 
  size            1    2[COMMON] unsigned char 
 Auto vars:     Size  Location     Type
  data_tab_ptr    1    0[BANK0 ] PTR unsigned char 
		 -> SendFrame@data_table(10), 
  crc             2    3[BANK0 ] unsigned int 
  i               1    2[BANK0 ] unsigned char 
  k               1    1[BANK0 ] unsigned char 
 Return value:  Size  Location     Type
                  2    2[COMMON] unsigned int 
 Registers used:
		wreg, fsr0l, fsr0h, status,2, status,0, btemp+1
 Tracked objects:
		On entry : 
		On exit  : 
		Unchanged: 
 Data sizes:     COMMON   BANK0   BANK1   BANK2
      Params:         2       0       0       0
      Locals:         0       5       0       0
      Temps:          3       0       0       0
      Totals:         5       5       0       0
Total ram usage:       10 bytes
 Hardware stack levels used:    1
 Hardware stack levels required when called:    1
 This function calls:
		Nothing
 This function is called by:
		_SendFrame
 This function uses a non-reentrant model


 *************** function _CheckInputState *****************
 Defined at:
		line 25 in file "input_handler.c"
 Parameters:    Size  Location     Type
  input           1    wreg     unsigned char 
 Auto vars:     Size  Location     Type
  input           1    3[COMMON] unsigned char 
 Return value:  Size  Location     Type
                  1    wreg      unsigned char 
 Registers used:
		wreg, status,2, status,0, pclath, cstack
 Tracked objects:
		On entry : 
		On exit  : 
		Unchanged: 
 Data sizes:     COMMON   BANK0   BANK1   BANK2
      Params:         0       0       0       0
      Locals:         1       0       0       0
      Temps:          0       0       0       0
      Totals:         1       0       0       0
Total ram usage:        1 bytes
 Hardware stack levels used:    1
 Hardware stack levels required when called:    2
 This function calls:
		_DebounceWait
 This function is called by:
		_LineState
 This function uses a non-reentrant model


 *************** function _InterruptConfig *****************
 Defined at:
		line 12 in file "interrupts.c"
 Parameters:    Size  Location     Type
		None
 Auto vars:     Size  Location     Type
		None
 Return value:  Size  Location     Type
                  1    wreg      void 
 Registers used:
		wreg, status,2, status,0
 Tracked objects:
		On entry : 
		On exit  : 
		Unchanged: 
 Data sizes:     COMMON   BANK0   BANK1   BANK2
      Params:         0       0       0       0
      Locals:         0       0       0       0
      Temps:          0       0       0       0
      Totals:         0       0       0       0
Total ram usage:        0 bytes
 Hardware stack levels used:    1
 Hardware stack levels required when called:    1
 This function calls:
		Nothing
 This function is called by:
		_main
 This function uses a non-reentrant model


 *************** function _GlobalInits *****************
 Defined at:
		line 5 in file "inits.c"
 Parameters:    Size  Location     Type
		None
 Auto vars:     Size  Location     Type
		None
 Return value:  Size  Location     Type
                  1    wreg      void 
 Registers used:
		wreg, status,2, status,0
 Tracked objects:
		On entry : 
		On exit  : 
		Unchanged: 
 Data sizes:     COMMON   BANK0   BANK1   BANK2
      Params:         0       0       0       0
      Locals:         0       0       0       0
      Temps:          0       0       0       0
      Totals:         0       0       0       0
Total ram usage:        0 bytes
 Hardware stack levels used:    1
 Hardware stack levels required when called:    1
 This function calls:
		Nothing
 This function is called by:
		_main
 This function uses a non-reentrant model


 *************** function _CheckGateCloseSwitch *****************
 Defined at:
		line 57 in file "input_handler.c"
 Parameters:    Size  Location     Type
		None
 Auto vars:     Size  Location     Type
		None
 Return value:  Size  Location     Type
                  1    wreg      void 
 Registers used:
		wreg, status,2, status,0, pclath, cstack
 Tracked objects:
		On entry : 
		On exit  : 
		Unchanged: 
 Data sizes:     COMMON   BANK0   BANK1   BANK2
      Params:         0       0       0       0
      Locals:         0       0       0       0
      Temps:          0       0       0       0
      Totals:         0       0       0       0
Total ram usage:        0 bytes
 Hardware stack levels used:    1
 Hardware stack levels required when called:    2
 This function calls:
		_DebounceWait
		_GateStartHighTime
 This function is called by:
		_main
 This function uses a non-reentrant model


 *************** function _GateStartHighTime *****************
 Defined at:
		line 81 in file "input_handler.c"
 Parameters:    Size  Location     Type
		None
 Auto vars:     Size  Location     Type
		None
 Return value:  Size  Location     Type
                  1    wreg      void 
 Registers used:
		wreg, status,2, status,0
 Tracked objects:
		On entry : 
		On exit  : 
		Unchanged: 
 Data sizes:     COMMON   BANK0   BANK1   BANK2
      Params:         0       0       0       0
      Locals:         0       0       0       0
      Temps:          1       0       0       0
      Totals:         1       0       0       0
Total ram usage:        1 bytes
 Hardware stack levels used:    1
 Hardware stack levels required when called:    1
 This function calls:
		Nothing
 This function is called by:
		_CheckGateCloseSwitch
 This function uses a non-reentrant model


 *************** function _DebounceWait *****************
 Defined at:
		line 72 in file "input_handler.c"
 Parameters:    Size  Location     Type
		None
 Auto vars:     Size  Location     Type
		None
 Return value:  Size  Location     Type
                  1    wreg      void 
 Registers used:
		wreg, status,2, status,0
 Tracked objects:
		On entry : 
		On exit  : 
		Unchanged: 
 Data sizes:     COMMON   BANK0   BANK1   BANK2
      Params:         0       0       0       0
      Locals:         0       0       0       0
      Temps:          1       0       0       0
      Totals:         1       0       0       0
Total ram usage:        1 bytes
 Hardware stack levels used:    1
 Hardware stack levels required when called:    1
 This function calls:
		Nothing
 This function is called by:
		_CheckInputState
		_CheckGateCloseSwitch
 This function uses a non-reentrant model


 *************** function _ISR *****************
 Defined at:
		line 44 in file "interrupts.c"
 Parameters:    Size  Location     Type
		None
 Auto vars:     Size  Location     Type
		None
 Return value:  Size  Location     Type
                  1    wreg      void 
 Registers used:
		wreg, status,2, status,0
 Tracked objects:
		On entry : 
		On exit  : 
		Unchanged: 
 Data sizes:     COMMON   BANK0   BANK1   BANK2
      Params:         0       0       0       0
      Locals:         0       0       0       0
      Temps:          2       0       0       0
      Totals:         2       0       0       0
Total ram usage:        2 bytes
 Hardware stack levels used:    1
 This function calls:
		Nothing
 This function is called by:
		Interrupt level 1
 This function uses a non-reentrant model



MODULE INFORMATION

Module		Function		Class		Link	Load	Size
input_handler.c
		_CheckGateCloseSwitch		CODE           	0176	0000	11
		_LineState     		CODE           	00F2	0000	33
		_CheckInputState		CODE           	016A	0000	13
		_GateStartHighTime		CODE           	0180	0000	9
		_DebounceWait  		CODE           	0188	0000	9

input_handler.c estimated size: 75

manchester_encode.c
		_ManchesterSendOne		CODE           	0197	0000	8
		_WaitManchesterT		CODE           	01A4	0000	7
		_SendFrame     		CODE           	000E	0000	106
		_ManchesteEncode		CODE           	00B9	0000	58
		_ManchesterSendZero		CODE           	0190	0000	8

manchester_encode.c estimated size: 187

interrupts.c
		_ISR           		CODE           	014A	0000	21
		_InterruptConfig		CODE           	0112	0000	33

interrupts.c estimated size: 54

inits.c
		_GlobalInits   		CODE           	0132	0000	25

inits.c estimated size: 25

crc16.c
		_CRC16         		CODE           	0077	0000	67

crc16.c estimated size: 67

shared
		__stringtab    		STRING         	015E	0000	7
		CRC16@generator		STRING         	0000	0000	0
		InterruptConfig@k_baud_rate		STRING         	0000	0000	0
		__initialization		CODE           	000B	0000	2

shared estimated size: 9

main.c
		_main          		CODE           	019E	0000	7

main.c estimated size: 7

